Archive member included to satisfy reference by file (symbol)

C:/ST/STM32CubeIDE_1.16.1/STM32CubeIDE/plugins/com.st.stm32cube.ide.mcu.externaltools.gnu-tools-for-stm32.12.3.rel1.win32_1.0.200.202406191623/tools/bin/../lib/gcc/arm-none-eabi/12.3.1/../../../../arm-none-eabi/lib/thumb/v7e-m+fp/hard\libc_nano.a(libc_a-exit.o)
                              C:/ST/STM32CubeIDE_1.16.1/STM32CubeIDE/plugins/com.st.stm32cube.ide.mcu.externaltools.gnu-tools-for-stm32.12.3.rel1.win32_1.0.200.202406191623/tools/bin/../lib/gcc/arm-none-eabi/12.3.1/../../../../arm-none-eabi/lib/thumb/v7e-m+fp/hard/crt0.o (exit)
C:/ST/STM32CubeIDE_1.16.1/STM32CubeIDE/plugins/com.st.stm32cube.ide.mcu.externaltools.gnu-tools-for-stm32.12.3.rel1.win32_1.0.200.202406191623/tools/bin/../lib/gcc/arm-none-eabi/12.3.1/../../../../arm-none-eabi/lib/thumb/v7e-m+fp/hard\libc_nano.a(libc_a-findfp.o)
                              C:/ST/STM32CubeIDE_1.16.1/STM32CubeIDE/plugins/com.st.stm32cube.ide.mcu.externaltools.gnu-tools-for-stm32.12.3.rel1.win32_1.0.200.202406191623/tools/bin/../lib/gcc/arm-none-eabi/12.3.1/../../../../arm-none-eabi/lib/thumb/v7e-m+fp/hard\libc_nano.a(libc_a-exit.o) (__stdio_exit_handler)
C:/ST/STM32CubeIDE_1.16.1/STM32CubeIDE/plugins/com.st.stm32cube.ide.mcu.externaltools.gnu-tools-for-stm32.12.3.rel1.win32_1.0.200.202406191623/tools/bin/../lib/gcc/arm-none-eabi/12.3.1/../../../../arm-none-eabi/lib/thumb/v7e-m+fp/hard\libc_nano.a(libc_a-fwalk.o)
                              C:/ST/STM32CubeIDE_1.16.1/STM32CubeIDE/plugins/com.st.stm32cube.ide.mcu.externaltools.gnu-tools-for-stm32.12.3.rel1.win32_1.0.200.202406191623/tools/bin/../lib/gcc/arm-none-eabi/12.3.1/../../../../arm-none-eabi/lib/thumb/v7e-m+fp/hard\libc_nano.a(libc_a-findfp.o) (_fwalk_sglue)
C:/ST/STM32CubeIDE_1.16.1/STM32CubeIDE/plugins/com.st.stm32cube.ide.mcu.externaltools.gnu-tools-for-stm32.12.3.rel1.win32_1.0.200.202406191623/tools/bin/../lib/gcc/arm-none-eabi/12.3.1/../../../../arm-none-eabi/lib/thumb/v7e-m+fp/hard\libc_nano.a(libc_a-printf.o)
                              ./Core/Src/MQTTSim800.o (printf)
C:/ST/STM32CubeIDE_1.16.1/STM32CubeIDE/plugins/com.st.stm32cube.ide.mcu.externaltools.gnu-tools-for-stm32.12.3.rel1.win32_1.0.200.202406191623/tools/bin/../lib/gcc/arm-none-eabi/12.3.1/../../../../arm-none-eabi/lib/thumb/v7e-m+fp/hard\libc_nano.a(libc_a-puts.o)
                              ./Core/Src/MQTTSim800.o (puts)
C:/ST/STM32CubeIDE_1.16.1/STM32CubeIDE/plugins/com.st.stm32cube.ide.mcu.externaltools.gnu-tools-for-stm32.12.3.rel1.win32_1.0.200.202406191623/tools/bin/../lib/gcc/arm-none-eabi/12.3.1/../../../../arm-none-eabi/lib/thumb/v7e-m+fp/hard\libc_nano.a(libc_a-snprintf.o)
                              ./Core/Src/MQTTFormat.o (snprintf)
C:/ST/STM32CubeIDE_1.16.1/STM32CubeIDE/plugins/com.st.stm32cube.ide.mcu.externaltools.gnu-tools-for-stm32.12.3.rel1.win32_1.0.200.202406191623/tools/bin/../lib/gcc/arm-none-eabi/12.3.1/../../../../arm-none-eabi/lib/thumb/v7e-m+fp/hard\libc_nano.a(libc_a-sprintf.o)
                              ./Core/Src/MQTTSim800.o (sprintf)
C:/ST/STM32CubeIDE_1.16.1/STM32CubeIDE/plugins/com.st.stm32cube.ide.mcu.externaltools.gnu-tools-for-stm32.12.3.rel1.win32_1.0.200.202406191623/tools/bin/../lib/gcc/arm-none-eabi/12.3.1/../../../../arm-none-eabi/lib/thumb/v7e-m+fp/hard\libc_nano.a(libc_a-stdio.o)
                              C:/ST/STM32CubeIDE_1.16.1/STM32CubeIDE/plugins/com.st.stm32cube.ide.mcu.externaltools.gnu-tools-for-stm32.12.3.rel1.win32_1.0.200.202406191623/tools/bin/../lib/gcc/arm-none-eabi/12.3.1/../../../../arm-none-eabi/lib/thumb/v7e-m+fp/hard\libc_nano.a(libc_a-findfp.o) (__sread)
C:/ST/STM32CubeIDE_1.16.1/STM32CubeIDE/plugins/com.st.stm32cube.ide.mcu.externaltools.gnu-tools-for-stm32.12.3.rel1.win32_1.0.200.202406191623/tools/bin/../lib/gcc/arm-none-eabi/12.3.1/../../../../arm-none-eabi/lib/thumb/v7e-m+fp/hard\libc_nano.a(libc_a-wbuf.o)
                              C:/ST/STM32CubeIDE_1.16.1/STM32CubeIDE/plugins/com.st.stm32cube.ide.mcu.externaltools.gnu-tools-for-stm32.12.3.rel1.win32_1.0.200.202406191623/tools/bin/../lib/gcc/arm-none-eabi/12.3.1/../../../../arm-none-eabi/lib/thumb/v7e-m+fp/hard\libc_nano.a(libc_a-puts.o) (__swbuf_r)
C:/ST/STM32CubeIDE_1.16.1/STM32CubeIDE/plugins/com.st.stm32cube.ide.mcu.externaltools.gnu-tools-for-stm32.12.3.rel1.win32_1.0.200.202406191623/tools/bin/../lib/gcc/arm-none-eabi/12.3.1/../../../../arm-none-eabi/lib/thumb/v7e-m+fp/hard\libc_nano.a(libc_a-wsetup.o)
                              C:/ST/STM32CubeIDE_1.16.1/STM32CubeIDE/plugins/com.st.stm32cube.ide.mcu.externaltools.gnu-tools-for-stm32.12.3.rel1.win32_1.0.200.202406191623/tools/bin/../lib/gcc/arm-none-eabi/12.3.1/../../../../arm-none-eabi/lib/thumb/v7e-m+fp/hard\libc_nano.a(libc_a-puts.o) (__swsetup_r)
[...]
Memory Configuration

Name             Origin             Length             Attributes
RAM              0x20000000         0x00020000         xrw
FLASH            0x08000000         0x00080000         xr
*default*        0x00000000         0xffffffff

Linker script and memory map

LOAD C:/ST/STM32CubeIDE_1.16.1/STM32CubeIDE/plugins/com.st.stm32cube.ide.mcu.externaltools.gnu-tools-for-stm32.12.3.rel1.win32_1.0.200.202406191623/tools/bin/../lib/gcc/arm-none-eabi/12.3.1/thumb/v7e-m+fp/hard/crti.o
LOAD C:/ST/STM32CubeIDE_1.16.1/STM32CubeIDE/plugins/com.st.stm32cube.ide.mcu.externaltools.gnu-tools-for-stm32.12.3.rel1.win32_1.0.200.202406191623/tools/bin/../lib/gcc/arm-none-eabi/12.3.1/thumb/v7e-m+fp/hard/crtbegin.o
LOAD C:/ST/STM32CubeIDE_1.16.1/STM32CubeIDE/plugins/com.st.stm32cube.ide.mcu.externaltools.gnu-tools-for-stm32.12.3.rel1.win32_1.0.200.202406191623/tools/bin/../lib/gcc/arm-none-eabi/12.3.1/../../../../arm-none-eabi/lib/thumb/v7e-m+fp/hard/crt0.o
LOAD ./Core/Src/MQTTConnectClient.o
LOAD ./Core/Src/MQTTDeserializePublish.o
LOAD ./Core/Src/MQTTFormat.o
LOAD ./Core/Src/MQTTPacket.o
LOAD ./Core/Src/MQTTSerializePublish.o
LOAD ./Core/Src/MQTTSim800.o
LOAD ./Core/Src/MQTTSubscribeClient.o
LOAD ./Core/Src/MQTTUnsubscribeClient.o
LOAD ./Core/Src/dma.o
LOAD ./Core/Src/gpio.o
LOAD ./Core/Src/main.o
LOAD ./Core/Src/spi.o
LOAD ./Core/Src/stm32f4xx_hal_msp.o
LOAD ./Core/Src/stm32f4xx_hal_timebase_tim.o
LOAD ./Core/Src/stm32f4xx_it.o
LOAD ./Core/Src/syscalls.o
LOAD ./Core/Src/system_stm32f4xx.o
LOAD ./Core/Src/usart.o
LOAD ./Core/Startup/startup_stm32f446retx.o
LOAD ./Drivers/STM32F4xx_HAL_Driver/Src/stm32f4xx_hal.o
LOAD ./Drivers/STM32F4xx_HAL_Driver/Src/stm32f4xx_hal_cortex.o
LOAD ./Drivers/STM32F4xx_HAL_Driver/Src/stm32f4xx_hal_dma.o
LOAD ./Drivers/STM32F4xx_HAL_Driver/Src/stm32f4xx_hal_dma_ex.o
LOAD ./Drivers/STM32F4xx_HAL_Driver/Src/stm32f4xx_hal_exti.o
LOAD ./Drivers/STM32F4xx_HAL_Driver/Src/stm32f4xx_hal_flash.o
LOAD ./Drivers/STM32F4xx_HAL_Driver/Src/stm32f4xx_hal_flash_ex.o
LOAD ./Drivers/STM32F4xx_HAL_Driver/Src/stm32f4xx_hal_flash_ramfunc.o
LOAD ./Drivers/STM32F4xx_HAL_Driver/Src/stm32f4xx_hal_gpio.o
LOAD ./Drivers/STM32F4xx_HAL_Driver/Src/stm32f4xx_hal_pwr.o
LOAD ./Drivers/STM32F4xx_HAL_Driver/Src/stm32f4xx_hal_pwr_ex.o
LOAD ./Drivers/STM32F4xx_HAL_Driver/Src/stm32f4xx_hal_rcc.o
LOAD ./Drivers/STM32F4xx_HAL_Driver/Src/stm32f4xx_hal_rcc_ex.o
LOAD ./Drivers/STM32F4xx_HAL_Driver/Src/stm32f4xx_hal_spi.o
LOAD ./Drivers/STM32F4xx_HAL_Driver/Src/stm32f4xx_hal_tim.o
LOAD ./Drivers/STM32F4xx_HAL_Driver/Src/stm32f4xx_hal_tim_ex.o
LOAD ./Drivers/STM32F4xx_HAL_Driver/Src/stm32f4xx_hal_uart.o
LOAD ./RTOS/FreeRTOS/croutine.o
LOAD ./RTOS/FreeRTOS/event_groups.o
LOAD ./RTOS/FreeRTOS/list.o
LOAD ./RTOS/FreeRTOS/queue.o
LOAD ./RTOS/FreeRTOS/stream_buffer.o
LOAD ./RTOS/FreeRTOS/tasks.o
LOAD ./RTOS/FreeRTOS/timers.o
LOAD ./RTOS/FreeRTOS/portable/GCC/ARM_CM4F/port.o
LOAD ./RTOS/FreeRTOS/portable/MemMang/heap_4.o
START GROUP
LOAD C:/ST/STM32CubeIDE_1.16.1/STM32CubeIDE/plugins/com.st.stm32cube.ide.mcu.externaltools.gnu-tools-for-stm32.12.3.rel1.win32_1.0.200.202406191623/tools/bin/../lib/gcc/arm-none-eabi/12.3.1/../../../../arm-none-eabi/lib/thumb/v7e-m+fp/hard\libc_nano.a
LOAD C:/ST/STM32CubeIDE_1.16.1/STM32CubeIDE/plugins/com.st.stm32cube.ide.mcu.externaltools.gnu-tools-for-stm32.12.3.rel1.win32_1.0.200.202406191623/tools/bin/../lib/gcc/arm-none-eabi/12.3.1/../../../../arm-none-eabi/lib/thumb/v7e-m+fp/hard\libm.a
END GROUP
START GROUP
LOAD C:/ST/STM32CubeIDE_1.16.1/STM32CubeIDE/plugins/com.st.stm32cube.ide.mcu.externaltools.gnu-tools-for-stm32.12.3.rel1.win32_1.0.200.202406191623/tools/bin/../lib/gcc/arm-none-eabi/12.3.1/thumb/v7e-m+fp/hard\libgcc.a
LOAD C:/ST/STM32CubeIDE_1.16.1/STM32CubeIDE/plugins/com.st.stm32cube.ide.mcu.externaltools.gnu-tools-for-stm32.12.3.rel1.win32_1.0.200.202406191623/tools/bin/../lib/gcc/arm-none-eabi/12.3.1/../../../../arm-none-eabi/lib/thumb/v7e-m+fp/hard\libc_nano.a
END GROUP
START GROUP
LOAD C:/ST/STM32CubeIDE_1.16.1/STM32CubeIDE/plugins/com.st.stm32cube.ide.mcu.externaltools.gnu-tools-for-stm32.12.3.rel1.win32_1.0.200.202406191623/tools/bin/../lib/gcc/arm-none-eabi/12.3.1/thumb/v7e-m+fp/hard\libgcc.a
LOAD C:/ST/STM32CubeIDE_1.16.1/STM32CubeIDE/plugins/com.st.stm32cube.ide.mcu.externaltools.gnu-tools-for-stm32.12.3.rel1.win32_1.0.200.202406191623/tools/bin/../lib/gcc/arm-none-eabi/12.3.1/../../../../arm-none-eabi/lib/thumb/v7e-m+fp/hard\libc_nano.a
LOAD C:/ST/STM32CubeIDE_1.16.1/STM32CubeIDE/plugins/com.st.stm32cube.ide.mcu.externaltools.gnu-tools-for-stm32.12.3.rel1.win32_1.0.200.202406191623/tools/bin/../lib/gcc/arm-none-eabi/12.3.1/../../../../arm-none-eabi/lib/thumb/v7e-m+fp/hard\libnosys.a
END GROUP
START GROUP
LOAD C:/ST/STM32CubeIDE_1.16.1/STM32CubeIDE/plugins/com.st.stm32cube.ide.mcu.externaltools.gnu-tools-for-stm32.12.3.rel1.win32_1.0.200.202406191623/tools/bin/../lib/gcc/arm-none-eabi/12.3.1/thumb/v7e-m+fp/hard\libgcc.a
LOAD C:/ST/STM32CubeIDE_1.16.1/STM32CubeIDE/plugins/com.st.stm32cube.ide.mcu.externaltools.gnu-tools-for-stm32.12.3.rel1.win32_1.0.200.202406191623/tools/bin/../lib/gcc/arm-none-eabi/12.3.1/../../../../arm-none-eabi/lib/thumb/v7e-m+fp/hard\libc_nano.a
LOAD C:/ST/STM32CubeIDE_1.16.1/STM32CubeIDE/plugins/com.st.stm32cube.ide.mcu.externaltools.gnu-tools-for-stm32.12.3.rel1.win32_1.0.200.202406191623/tools/bin/../lib/gcc/arm-none-eabi/12.3.1/../../../../arm-none-eabi/lib/thumb/v7e-m+fp/hard\libnosys.a
END GROUP
LOAD C:/ST/STM32CubeIDE_1.16.1/STM32CubeIDE/plugins/com.st.stm32cube.ide.mcu.externaltools.gnu-tools-for-stm32.12.3.rel1.win32_1.0.200.202406191623/tools/bin/../lib/gcc/arm-none-eabi/12.3.1/thumb/v7e-m+fp/hard/crtend.o
LOAD C:/ST/STM32CubeIDE_1.16.1/STM32CubeIDE/plugins/com.st.stm32cube.ide.mcu.externaltools.gnu-tools-for-stm32.12.3.rel1.win32_1.0.200.202406191623/tools/bin/../lib/gcc/arm-none-eabi/12.3.1/thumb/v7e-m+fp/hard/crtn.o
                0x20020000                        _estack = (ORIGIN (RAM) + LENGTH (RAM))
                0x00000200                        _Min_Heap_Size = 0x200
                0x00000400                        _Min_Stack_Size = 0x400

.isr_vector     0x08000000      0x1c4
                0x08000000                        . = ALIGN (0x4)
 *(.isr_vector)
 .isr_vector    0x08000000      0x1c4 ./Core/Startup/startup_stm32f446retx.o
                0x08000000                g_pfnVectors
                0x080001c4                        . = ALIGN (0x4)

.text           0x080001d0     0x95b0
                0x080001d0                        . = ALIGN (0x4)
 *(.text)
 .text          0x080001d0       0x40 C:/ST/STM32CubeIDE_1.16.1/STM32CubeIDE/plugins/com.st.stm32cube.ide.mcu.externaltools.gnu-tools-for-stm32.12.3.rel1.win32_1.0.200.202406191623/tools/bin/../lib/gcc/arm-none-eabi/12.3.1/thumb/v7e-m+fp/hard/crtbegin.o
 .text          0x08000210       0x14 C:/ST/STM32CubeIDE_1.16.1/STM32CubeIDE/plugins/com.st.stm32cube.ide.mcu.externaltools.gnu-tools-for-stm32.12.3.rel1.win32_1.0.200.202406191623/tools/bin/../lib/gcc/arm-none-eabi/12.3.1/../../../../arm-none-eabi/lib/thumb/v7e-m+fp/hard\libc_nano.a(libc_a-strcmp.o)
                0x08000210                strcmp
 .text          0x08000224       0x10 C:/ST/STM32CubeIDE_1.16.1/STM32CubeIDE/plugins/com.st.stm32cube.ide.mcu.externaltools.gnu-tools-for-stm32.12.3.rel1.win32_1.0.200.202406191623/tools/bin/../lib/gcc/arm-none-eabi/12.3.1/../../../../arm-none-eabi/lib/thumb/v7e-m+fp/hard\libc_nano.a(libc_a-strlen.o)
                0x08000224                strlen
 *fill*         0x08000234        0xc 
 .text          0x08000240       0xa0 C:/ST/STM32CubeIDE_1.16.1/STM32CubeIDE/plugins/com.st.stm32cube.ide.mcu.externaltools.gnu-tools-for-stm32.12.3.rel1.win32_1.0.200.202406191623/tools/bin/../lib/gcc/arm-none-eabi/12.3.1/../../../../arm-none-eabi/lib/thumb/v7e-m+fp/hard\libc_nano.a(libc_a-memchr.o)
                0x08000240                memchr
 .text          0x080002e0       0x30 C:/ST/STM32CubeIDE_1.16.1/STM32CubeIDE/plugins/com.st.stm32cube.ide.mcu.externaltools.gnu-tools-for-stm32.12.3.rel1.win32_1.0.200.202406191623/tools/bin/../lib/gcc/arm-none-eabi/12.3.1/thumb/v7e-m+fp/hard\libgcc.a(_aeabi_uldivmod.o)
                0x080002e0                __aeabi_uldivmod
 .text          0x08000310      0x2bc C:/ST/STM32CubeIDE_1.16.1/STM32CubeIDE/plugins/com.st.stm32cube.ide.mcu.externaltools.gnu-tools-for-stm32.12.3.rel1.win32_1.0.200.202406191623/tools/bin/../lib/gcc/arm-none-eabi/12.3.1/thumb/v7e-m+fp/hard\libgcc.a(_udivmoddi4.o)
                0x08000310                __udivmoddi4
 .text          0x080005cc        0x4 C:/ST/STM32CubeIDE_1.16.1/STM32CubeIDE/plugins/com.st.stm32cube.ide.mcu.externaltools.gnu-tools-for-stm32.12.3.rel1.win32_1.0.200.202406191623/tools/bin/../lib/gcc/arm-none-eabi/12.3.1/thumb/v7e-m+fp/hard\libgcc.a(_dvmd_tls.o)
                0x080005cc                __aeabi_idiv0
                0x080005cc                __aeabi_ldiv0
 *(.text*)
 .text.MQTTSerialize_connectLength
                0x080005d0       0xc2 ./Core/Src/MQTTConnectClient.o
                0x080005d0                MQTTSerialize_connectLength
 *fill*         0x08000692        0x2 
 .text.MQTTSerialize_connect
                0x08000694      0x1d8 ./Core/Src/MQTTConnectClient.o
                0x08000694                MQTTSerialize_connect
 .text.MQTTDeserialize_publish
                0x0800086c       0xe4 ./Core/Src/MQTTDeserializePublish.o
                0x0800086c                MQTTDeserialize_publish
 .text.MQTTPacket_encode
                0x08000950       0x5e ./Core/Src/MQTTPacket.o
                0x08000950                MQTTPacket_encode
 .text.MQTTPacket_decode
                0x080009ae       0x78 ./Core/Src/MQTTPacket.o
                0x080009ae                MQTTPacket_decode
 *fill*         0x08000a26        0x2 
 .text.MQTTPacket_len
                0x08000a28       0x54 ./Core/Src/MQTTPacket.o
                0x08000a28                MQTTPacket_len
 .text.bufchar  0x08000a7c       0x40 ./Core/Src/MQTTPacket.o
                0x08000a7c                bufchar
 .text.MQTTPacket_decodeBuf
                0x08000abc       0x2c ./Core/Src/MQTTPacket.o
                0x08000abc                MQTTPacket_decodeBuf
 .text.readInt  0x08000ae8       0x36 ./Core/Src/MQTTPacket.o
                0x08000ae8                readInt
 .text.readChar
                0x08000b1e       0x28 ./Core/Src/MQTTPacket.o
                0x08000b1e                readChar
 .text.writeChar
                0x08000b46       0x2a ./Core/Src/MQTTPacket.o
                0x08000b46                writeChar
 .text.writeInt
                0x08000b70       0x52 ./Core/Src/MQTTPacket.o
                0x08000b70                writeInt
 .text.writeCString
                0x08000bc2       0x3e ./Core/Src/MQTTPacket.o
                0x08000bc2                writeCString
 .text.writeMQTTString
                0x08000c00       0x5c ./Core/Src/MQTTPacket.o
                0x08000c00                writeMQTTString
 .text.readMQTTLenString
                0x08000c5c       0x62 ./Core/Src/MQTTPacket.o
                0x08000c5c                readMQTTLenString
 .text.MQTTstrlen
                0x08000cbe       0x32 ./Core/Src/MQTTPacket.o
                0x08000cbe                MQTTstrlen
 .text.MQTTSerialize_publishLength
                0x08000cf0       0x40 ./Core/Src/MQTTSerializePublish.o
                0x08000cf0                MQTTSerialize_publishLength
 .text.MQTTSerialize_publish
                0x08000d30       0xec ./Core/Src/MQTTSerializePublish.o
                0x08000d30                MQTTSerialize_publish
 .text.Sim800_RxCallBack
                0x08000e1c      0x180 ./Core/Src/MQTTSim800.o
                0x08000e1c                Sim800_RxCallBack
 .text.clearRxBuffer
                0x08000f9c       0x24 ./Core/Src/MQTTSim800.o
                0x08000f9c                clearRxBuffer
 .text.clearMqttBuffer
                0x08000fc0       0x2c ./Core/Src/MQTTSim800.o
                0x08000fc0                clearMqttBuffer
 .text.SIM800_SendCommand
                0x08000fec       0x58 ./Core/Src/MQTTSim800.o
                0x08000fec                SIM800_SendCommand
 .text.MQTT_Init
                0x08001044      0x1ec ./Core/Src/MQTTSim800.o
                0x08001044                MQTT_Init
 .text.MQTT_Connect
                0x08001230      0x1c0 ./Core/Src/MQTTSim800.o
                0x08001230                MQTT_Connect
 .text.MQTT_Pub
                0x080013f0       0xdc ./Core/Src/MQTTSim800.o
                0x080013f0                MQTT_Pub
 .text.MQTT_Sub
                0x080014cc       0xa8 ./Core/Src/MQTTSim800.o
                0x080014cc                MQTT_Sub
 .text.MQTT_Receive
                0x08001574       0x94 ./Core/Src/MQTTSim800.o
                0x08001574                MQTT_Receive
 .text.MQTTSerialize_subscribeLength
                0x08001608       0x4e ./Core/Src/MQTTSubscribeClient.o
                0x08001608                MQTTSerialize_subscribeLength
 .text.MQTTSerialize_subscribe
                0x08001656       0xf8 ./Core/Src/MQTTSubscribeClient.o
                0x08001656                MQTTSerialize_subscribe
 *fill*         0x0800174e        0x2 
 .text.MX_DMA_Init
                0x08001750       0x40 ./Core/Src/dma.o
                0x08001750                MX_DMA_Init
 .text.MX_GPIO_Init
                0x08001790       0xfc ./Core/Src/gpio.o
                0x08001790                MX_GPIO_Init
 .text.GSM_init
                0x0800188c       0x64 ./Core/Src/main.o
                0x0800188c                GSM_init
 .text.FreeRTOS_Init
                0x080018f0       0xe4 ./Core/Src/main.o
                0x080018f0                FreeRTOS_Init
 .text.HAL_UART_RxCpltCallback
                0x080019d4      0x134 ./Core/Src/main.o
                0x080019d4                HAL_UART_RxCpltCallback
 .text.ESP_UART_Task
                0x08001b08       0x50 ./Core/Src/main.o
                0x08001b08                ESP_UART_Task
 .text.GSM_rxCallBack_Task
                0x08001b58       0xc4 ./Core/Src/main.o
                0x08001b58                GSM_rxCallBack_Task
 .text.INT_GPIO_Task
                0x08001c1c       0x68 ./Core/Src/main.o
                0x08001c1c                INT_GPIO_Task
 .text.GSM_MQTT_Task
                0x08001c84       0xcc ./Core/Src/main.o
                0x08001c84                GSM_MQTT_Task
 .text.HAL_GPIO_EXTI_Callback
                0x08001d50       0x4c ./Core/Src/main.o
                0x08001d50                HAL_GPIO_EXTI_Callback
 .text.__io_putchar
                0x08001d9c       0x24 ./Core/Src/main.o
                0x08001d9c                __io_putchar
 .text.millis   0x08001dc0        0xe ./Core/Src/main.o
                0x08001dc0                millis
 *fill*         0x08001dce        0x2 
 .text.main     0x08001dd0       0x60 ./Core/Src/main.o
                0x08001dd0                main
 .text.SystemClock_Config
                0x08001e30       0xd8 ./Core/Src/main.o
                0x08001e30                SystemClock_Config
 .text.HAL_TIM_PeriodElapsedCallback
                0x08001f08       0x24 ./Core/Src/main.o
                0x08001f08                HAL_TIM_PeriodElapsedCallback
 .text.Error_Handler
                0x08001f2c        0xc ./Core/Src/main.o
                0x08001f2c                Error_Handler
 .text.MX_SPI1_Init
                0x08001f38       0x6c ./Core/Src/spi.o
                0x08001f38                MX_SPI1_Init
 .text.HAL_SPI_MspInit
                0x08001fa4       0xd0 ./Core/Src/spi.o
                0x08001fa4                HAL_SPI_MspInit
 .text.HAL_MspInit
                0x08002074       0x50 ./Core/Src/stm32f4xx_hal_msp.o
                0x08002074                HAL_MspInit
 .text.HAL_InitTick
                0x080020c4       0xf8 ./Core/Src/stm32f4xx_hal_timebase_tim.o
                0x080020c4                HAL_InitTick
 .text.NMI_Handler
                0x080021bc        0x8 ./Core/Src/stm32f4xx_it.o
                0x080021bc                NMI_Handler
 .text.HardFault_Handler
                0x080021c4        0x8 ./Core/Src/stm32f4xx_it.o
                0x080021c4                HardFault_Handler
 .text.MemManage_Handler
                0x080021cc        0x8 ./Core/Src/stm32f4xx_it.o
                0x080021cc                MemManage_Handler
 .text.BusFault_Handler
                0x080021d4        0x8 ./Core/Src/stm32f4xx_it.o
                0x080021d4                BusFault_Handler
 .text.UsageFault_Handler
                0x080021dc        0x8 ./Core/Src/stm32f4xx_it.o
                0x080021dc                UsageFault_Handler
 .text.DebugMon_Handler
                0x080021e4        0xe ./Core/Src/stm32f4xx_it.o
                0x080021e4                DebugMon_Handler
 *fill*         0x080021f2        0x2 
 .text.DMA1_Stream2_IRQHandler
                0x080021f4       0x14 ./Core/Src/stm32f4xx_it.o
                0x080021f4                DMA1_Stream2_IRQHandler
 .text.USART3_IRQHandler
                0x08002208       0x14 ./Core/Src/stm32f4xx_it.o
                0x08002208                USART3_IRQHandler
 .text.EXTI15_10_IRQHandler
                0x0800221c       0x10 ./Core/Src/stm32f4xx_it.o
                0x0800221c                EXTI15_10_IRQHandler
 .text.UART4_IRQHandler
                0x0800222c       0x14 ./Core/Src/stm32f4xx_it.o
                0x0800222c                UART4_IRQHandler
 .text.TIM6_DAC_IRQHandler
                0x08002240       0x14 ./Core/Src/stm32f4xx_it.o
                0x08002240                TIM6_DAC_IRQHandler
 .text._read    0x08002254       0x3a ./Core/Src/syscalls.o
                0x08002254                _read
 .text._write   0x0800228e       0x38 ./Core/Src/syscalls.o
                0x0800228e                _write
 .text._close   0x080022c6       0x18 ./Core/Src/syscalls.o
                0x080022c6                _close
 .text._fstat   0x080022de       0x20 ./Core/Src/syscalls.o
                0x080022de                _fstat
 .text._isatty  0x080022fe       0x16 ./Core/Src/syscalls.o
                0x080022fe                _isatty
 .text._lseek   0x08002314       0x1a ./Core/Src/syscalls.o
                0x08002314                _lseek
 *fill*         0x0800232e        0x2 
 .text.SystemInit
                0x08002330       0x24 ./Core/Src/system_stm32f4xx.o
                0x08002330                SystemInit
 .text.MX_UART4_Init
                0x08002354       0x54 ./Core/Src/usart.o
                0x08002354                MX_UART4_Init
 .text.MX_USART2_UART_Init
                0x080023a8       0x54 ./Core/Src/usart.o
                0x080023a8                MX_USART2_UART_Init
 .text.MX_USART3_UART_Init
                0x080023fc       0x54 ./Core/Src/usart.o
                0x080023fc                MX_USART3_UART_Init
 .text.HAL_UART_MspInit
                0x08002450      0x228 ./Core/Src/usart.o
                0x08002450                HAL_UART_MspInit
 .text.Reset_Handler
                0x08002678       0x50 ./Core/Startup/startup_stm32f446retx.o
                0x08002678                Reset_Handler
 .text.Default_Handler
                0x080026c8        0x2 ./Core/Startup/startup_stm32f446retx.o
                0x080026c8                RTC_Alarm_IRQHandler
                0x080026c8                EXTI2_IRQHandler
                0x080026c8                TIM8_CC_IRQHandler
                0x080026c8                FMPI2C1_EV_IRQHandler
                0x080026c8                SPI4_IRQHandler
                0x080026c8                TIM1_CC_IRQHandler
                0x080026c8                DMA2_Stream5_IRQHandler
                0x080026c8                DMA1_Stream5_IRQHandler
                0x080026c8                PVD_IRQHandler
                0x080026c8                SDIO_IRQHandler
                0x080026c8                TAMP_STAMP_IRQHandler
                0x080026c8                CAN2_RX1_IRQHandler
                0x080026c8                EXTI3_IRQHandler
                0x080026c8                TIM8_TRG_COM_TIM14_IRQHandler
                0x080026c8                TIM1_UP_TIM10_IRQHandler
                0x080026c8                TIM8_UP_TIM13_IRQHandler
                0x080026c8                I2C3_ER_IRQHandler
                0x080026c8                EXTI0_IRQHandler
                0x080026c8                I2C2_EV_IRQHandler
                0x080026c8                CAN1_RX0_IRQHandler
                0x080026c8                FPU_IRQHandler
                0x080026c8                OTG_HS_WKUP_IRQHandler
                0x080026c8                CAN2_SCE_IRQHandler
                0x080026c8                DMA2_Stream2_IRQHandler
                0x080026c8                SPI1_IRQHandler
                0x080026c8                TIM1_BRK_TIM9_IRQHandler
                0x080026c8                DCMI_IRQHandler
                0x080026c8                CAN2_RX0_IRQHandler
                0x080026c8                DMA2_Stream3_IRQHandler
                0x080026c8                SAI2_IRQHandler
                0x080026c8                USART6_IRQHandler
                0x080026c8                CAN1_RX1_IRQHandler
                0x080026c8                UART5_IRQHandler
                0x080026c8                DMA2_Stream0_IRQHandler
                0x080026c8                TIM4_IRQHandler
                0x080026c8                QUADSPI_IRQHandler
                0x080026c8                I2C1_EV_IRQHandler
                0x080026c8                DMA1_Stream6_IRQHandler
                0x080026c8                DMA1_Stream1_IRQHandler
                0x080026c8                TIM3_IRQHandler
                0x080026c8                RCC_IRQHandler
                0x080026c8                TIM8_BRK_TIM12_IRQHandler
                0x080026c8                Default_Handler
                0x080026c8                CEC_IRQHandler
                0x080026c8                ADC_IRQHandler
                0x080026c8                DMA1_Stream7_IRQHandler
                0x080026c8                TIM7_IRQHandler
                0x080026c8                CAN2_TX_IRQHandler
                0x080026c8                TIM5_IRQHandler
                0x080026c8                DMA2_Stream7_IRQHandler
                0x080026c8                I2C3_EV_IRQHandler
                0x080026c8                EXTI9_5_IRQHandler
                0x080026c8                RTC_WKUP_IRQHandler
                0x080026c8                SPDIF_RX_IRQHandler
                0x080026c8                SPI2_IRQHandler
                0x080026c8                OTG_HS_EP1_IN_IRQHandler
                0x080026c8                DMA1_Stream0_IRQHandler
                0x080026c8                CAN1_TX_IRQHandler
                0x080026c8                FMPI2C1_ER_IRQHandler
                0x080026c8                EXTI4_IRQHandler
                0x080026c8                OTG_HS_EP1_OUT_IRQHandler
                0x080026c8                WWDG_IRQHandler
                0x080026c8                TIM2_IRQHandler
                0x080026c8                OTG_FS_WKUP_IRQHandler
                0x080026c8                TIM1_TRG_COM_TIM11_IRQHandler
                0x080026c8                OTG_HS_IRQHandler
                0x080026c8                EXTI1_IRQHandler
                0x080026c8                USART2_IRQHandler
                0x080026c8                I2C2_ER_IRQHandler
                0x080026c8                DMA2_Stream1_IRQHandler
                0x080026c8                CAN1_SCE_IRQHandler
                0x080026c8                FLASH_IRQHandler
                0x080026c8                DMA2_Stream4_IRQHandler
                0x080026c8                USART1_IRQHandler
                0x080026c8                OTG_FS_IRQHandler
                0x080026c8                SPI3_IRQHandler
                0x080026c8                DMA1_Stream4_IRQHandler
                0x080026c8                I2C1_ER_IRQHandler
                0x080026c8                FMC_IRQHandler
                0x080026c8                DMA2_Stream6_IRQHandler
                0x080026c8                SAI1_IRQHandler
                0x080026c8                DMA1_Stream3_IRQHandler
 *fill*         0x080026ca        0x2 
 .text.HAL_Init
                0x080026cc       0x44 ./Drivers/STM32F4xx_HAL_Driver/Src/stm32f4xx_hal.o
                0x080026cc                HAL_Init
 .text.HAL_IncTick
                0x08002710       0x28 ./Drivers/STM32F4xx_HAL_Driver/Src/stm32f4xx_hal.o
                0x08002710                HAL_IncTick
 .text.HAL_GetTick
                0x08002738       0x18 ./Drivers/STM32F4xx_HAL_Driver/Src/stm32f4xx_hal.o
                0x08002738                HAL_GetTick
 .text.HAL_Delay
                0x08002750       0x48 ./Drivers/STM32F4xx_HAL_Driver/Src/stm32f4xx_hal.o
                0x08002750                HAL_Delay
 .text.__NVIC_SetPriorityGrouping
                0x08002798       0x48 ./Drivers/STM32F4xx_HAL_Driver/Src/stm32f4xx_hal_cortex.o
 .text.__NVIC_GetPriorityGrouping
                0x080027e0       0x1c ./Drivers/STM32F4xx_HAL_Driver/Src/stm32f4xx_hal_cortex.o
 .text.__NVIC_EnableIRQ
                0x080027fc       0x3c ./Drivers/STM32F4xx_HAL_Driver/Src/stm32f4xx_hal_cortex.o
 .text.__NVIC_SetPriority
                0x08002838       0x54 ./Drivers/STM32F4xx_HAL_Driver/Src/stm32f4xx_hal_cortex.o
 .text.NVIC_EncodePriority
                0x0800288c       0x66 ./Drivers/STM32F4xx_HAL_Driver/Src/stm32f4xx_hal_cortex.o
 .text.HAL_NVIC_SetPriorityGrouping
                0x080028f2       0x16 ./Drivers/STM32F4xx_HAL_Driver/Src/stm32f4xx_hal_cortex.o
                0x080028f2                HAL_NVIC_SetPriorityGrouping
 .text.HAL_NVIC_SetPriority
                0x08002908       0x38 ./Drivers/STM32F4xx_HAL_Driver/Src/stm32f4xx_hal_cortex.o
                0x08002908                HAL_NVIC_SetPriority
 .text.HAL_NVIC_EnableIRQ
                0x08002940       0x1c ./Drivers/STM32F4xx_HAL_Driver/Src/stm32f4xx_hal_cortex.o
                0x08002940                HAL_NVIC_EnableIRQ
 .text.HAL_DMA_Init
                0x0800295c      0x15c ./Drivers/STM32F4xx_HAL_Driver/Src/stm32f4xx_hal_dma.o
                0x0800295c                HAL_DMA_Init
 .text.HAL_DMA_Abort
                0x08002ab8       0xe0 ./Drivers/STM32F4xx_HAL_Driver/Src/stm32f4xx_hal_dma.o
                0x08002ab8                HAL_DMA_Abort
 .text.HAL_DMA_Abort_IT
                0x08002b98       0x44 ./Drivers/STM32F4xx_HAL_Driver/Src/stm32f4xx_hal_dma.o
                0x08002b98                HAL_DMA_Abort_IT
 .text.HAL_DMA_IRQHandler
                0x08002bdc      0x314 ./Drivers/STM32F4xx_HAL_Driver/Src/stm32f4xx_hal_dma.o
                0x08002bdc                HAL_DMA_IRQHandler
 .text.DMA_CalcBaseAndBitshift
                0x08002ef0       0x6c ./Drivers/STM32F4xx_HAL_Driver/Src/stm32f4xx_hal_dma.o
 .text.DMA_CheckFifoParam
                0x08002f5c       0xf8 ./Drivers/STM32F4xx_HAL_Driver/Src/stm32f4xx_hal_dma.o
 .text.HAL_GPIO_Init
                0x08003054      0x328 ./Drivers/STM32F4xx_HAL_Driver/Src/stm32f4xx_hal_gpio.o
                0x08003054                HAL_GPIO_Init
 .text.HAL_GPIO_WritePin
                0x0800337c       0x32 ./Drivers/STM32F4xx_HAL_Driver/Src/stm32f4xx_hal_gpio.o
                0x0800337c                HAL_GPIO_WritePin
 .text.HAL_GPIO_TogglePin
                0x080033ae       0x34 ./Drivers/STM32F4xx_HAL_Driver/Src/stm32f4xx_hal_gpio.o
                0x080033ae                HAL_GPIO_TogglePin
 *fill*         0x080033e2        0x2 
 .text.HAL_GPIO_EXTI_IRQHandler
                0x080033e4       0x30 ./Drivers/STM32F4xx_HAL_Driver/Src/stm32f4xx_hal_gpio.o
                0x080033e4                HAL_GPIO_EXTI_IRQHandler
 .text.HAL_RCC_ClockConfig
                0x08003414      0x1cc ./Drivers/STM32F4xx_HAL_Driver/Src/stm32f4xx_hal_rcc.o
                0x08003414                HAL_RCC_ClockConfig
 .text.HAL_RCC_GetHCLKFreq
                0x080035e0       0x18 ./Drivers/STM32F4xx_HAL_Driver/Src/stm32f4xx_hal_rcc.o
                0x080035e0                HAL_RCC_GetHCLKFreq
 .text.HAL_RCC_GetPCLK1Freq
                0x080035f8       0x28 ./Drivers/STM32F4xx_HAL_Driver/Src/stm32f4xx_hal_rcc.o
                0x080035f8                HAL_RCC_GetPCLK1Freq
 .text.HAL_RCC_GetPCLK2Freq
                0x08003620       0x28 ./Drivers/STM32F4xx_HAL_Driver/Src/stm32f4xx_hal_rcc.o
                0x08003620                HAL_RCC_GetPCLK2Freq
 .text.HAL_RCC_GetClockConfig
                0x08003648       0x64 ./Drivers/STM32F4xx_HAL_Driver/Src/stm32f4xx_hal_rcc.o
                0x08003648                HAL_RCC_GetClockConfig
 .text.HAL_RCC_GetSysClockFreq
                0x080036ac      0x354 ./Drivers/STM32F4xx_HAL_Driver/Src/stm32f4xx_hal_rcc_ex.o
                0x080036ac                HAL_RCC_GetSysClockFreq
 .text.HAL_RCC_OscConfig
                0x08003a00      0x53c ./Drivers/STM32F4xx_HAL_Driver/Src/stm32f4xx_hal_rcc_ex.o
                0x08003a00                HAL_RCC_OscConfig
 .text.HAL_SPI_Init
                0x08003f3c      0x112 ./Drivers/STM32F4xx_HAL_Driver/Src/stm32f4xx_hal_spi.o
                0x08003f3c                HAL_SPI_Init
 .text.HAL_TIM_Base_Init
                0x0800404e       0x9e ./Drivers/STM32F4xx_HAL_Driver/Src/stm32f4xx_hal_tim.o
                0x0800404e                HAL_TIM_Base_Init
 .text.HAL_TIM_Base_MspInit
                0x080040ec       0x14 ./Drivers/STM32F4xx_HAL_Driver/Src/stm32f4xx_hal_tim.o
                0x080040ec                HAL_TIM_Base_MspInit
 .text.HAL_TIM_Base_Start_IT
                0x08004100       0xe0 ./Drivers/STM32F4xx_HAL_Driver/Src/stm32f4xx_hal_tim.o
                0x08004100                HAL_TIM_Base_Start_IT
 .text.HAL_TIM_IRQHandler
                0x080041e0      0x1e0 ./Drivers/STM32F4xx_HAL_Driver/Src/stm32f4xx_hal_tim.o
                0x080041e0                HAL_TIM_IRQHandler
 .text.HAL_TIM_OC_DelayElapsedCallback
                0x080043c0       0x14 ./Drivers/STM32F4xx_HAL_Driver/Src/stm32f4xx_hal_tim.o
                0x080043c0                HAL_TIM_OC_DelayElapsedCallback
 .text.HAL_TIM_IC_CaptureCallback
                0x080043d4       0x14 ./Drivers/STM32F4xx_HAL_Driver/Src/stm32f4xx_hal_tim.o
                0x080043d4                HAL_TIM_IC_CaptureCallback
 .text.HAL_TIM_PWM_PulseFinishedCallback
                0x080043e8       0x14 ./Drivers/STM32F4xx_HAL_Driver/Src/stm32f4xx_hal_tim.o
                0x080043e8                HAL_TIM_PWM_PulseFinishedCallback
 .text.HAL_TIM_TriggerCallback
                0x080043fc       0x14 ./Drivers/STM32F4xx_HAL_Driver/Src/stm32f4xx_hal_tim.o
                0x080043fc                HAL_TIM_TriggerCallback
 .text.TIM_Base_SetConfig
                0x08004410      0x158 ./Drivers/STM32F4xx_HAL_Driver/Src/stm32f4xx_hal_tim.o
                0x08004410                TIM_Base_SetConfig
 .text.HAL_TIMEx_CommutCallback
                0x08004568       0x14 ./Drivers/STM32F4xx_HAL_Driver/Src/stm32f4xx_hal_tim_ex.o
                0x08004568                HAL_TIMEx_CommutCallback
 .text.HAL_TIMEx_BreakCallback
                0x0800457c       0x14 ./Drivers/STM32F4xx_HAL_Driver/Src/stm32f4xx_hal_tim_ex.o
                0x0800457c                HAL_TIMEx_BreakCallback
 .text.HAL_UART_Init
                0x08004590       0xa0 ./Drivers/STM32F4xx_HAL_Driver/Src/stm32f4xx_hal_uart.o
                0x08004590                HAL_UART_Init
 .text.HAL_UART_Transmit
                0x08004630      0x116 ./Drivers/STM32F4xx_HAL_Driver/Src/stm32f4xx_hal_uart.o
                0x08004630                HAL_UART_Transmit
 .text.HAL_UART_Transmit_IT
                0x08004746       0x6c ./Drivers/STM32F4xx_HAL_Driver/Src/stm32f4xx_hal_uart.o
                0x08004746                HAL_UART_Transmit_IT
 .text.HAL_UART_Receive_IT
                0x080047b2       0x4a ./Drivers/STM32F4xx_HAL_Driver/Src/stm32f4xx_hal_uart.o
                0x080047b2                HAL_UART_Receive_IT
 .text.HAL_UART_IRQHandler
                0x080047fc      0x524 ./Drivers/STM32F4xx_HAL_Driver/Src/stm32f4xx_hal_uart.o
                0x080047fc                HAL_UART_IRQHandler
 .text.HAL_UART_TxCpltCallback
                0x08004d20       0x14 ./Drivers/STM32F4xx_HAL_Driver/Src/stm32f4xx_hal_uart.o
                0x08004d20                HAL_UART_TxCpltCallback
 .text.HAL_UART_ErrorCallback
                0x08004d34       0x14 ./Drivers/STM32F4xx_HAL_Driver/Src/stm32f4xx_hal_uart.o
                0x08004d34                HAL_UART_ErrorCallback
 .text.HAL_UARTEx_RxEventCallback
                0x08004d48       0x18 ./Drivers/STM32F4xx_HAL_Driver/Src/stm32f4xx_hal_uart.o
                0x08004d48                HAL_UARTEx_RxEventCallback
 .text.UART_WaitOnFlagUntilTimeout
                0x08004d60       0xb2 ./Drivers/STM32F4xx_HAL_Driver/Src/stm32f4xx_hal_uart.o
 .text.UART_Start_Receive_IT
                0x08004e12       0x74 ./Drivers/STM32F4xx_HAL_Driver/Src/stm32f4xx_hal_uart.o
                0x08004e12                UART_Start_Receive_IT
 .text.UART_EndRxTransfer
                0x08004e86       0xc6 ./Drivers/STM32F4xx_HAL_Driver/Src/stm32f4xx_hal_uart.o
 .text.UART_DMAAbortOnError
                0x08004f4c       0x28 ./Drivers/STM32F4xx_HAL_Driver/Src/stm32f4xx_hal_uart.o
 .text.UART_Transmit_IT
                0x08004f74       0xa0 ./Drivers/STM32F4xx_HAL_Driver/Src/stm32f4xx_hal_uart.o
 .text.UART_EndTransmit_IT
                0x08005014       0x30 ./Drivers/STM32F4xx_HAL_Driver/Src/stm32f4xx_hal_uart.o
 .text.UART_Receive_IT
                0x08005044      0x17c ./Drivers/STM32F4xx_HAL_Driver/Src/stm32f4xx_hal_uart.o
 .text.UART_SetConfig
                0x080051c0      0x4e8 ./Drivers/STM32F4xx_HAL_Driver/Src/stm32f4xx_hal_uart.o
 .text.vListInitialise
                0x080056a8       0x40 ./RTOS/FreeRTOS/list.o
                0x080056a8                vListInitialise
 .text.vListInitialiseItem
                0x080056e8       0x1a ./RTOS/FreeRTOS/list.o
                0x080056e8                vListInitialiseItem
 .text.vListInsertEnd
                0x08005702       0x48 ./RTOS/FreeRTOS/list.o
                0x08005702                vListInsertEnd
 .text.vListInsert
                0x0800574a       0x72 ./RTOS/FreeRTOS/list.o
                0x0800574a                vListInsert
 .text.uxListRemove
                0x080057bc       0x54 ./RTOS/FreeRTOS/list.o
                0x080057bc                uxListRemove
 .text.xQueueGenericReset
                0x08005810       0xd4 ./RTOS/FreeRTOS/queue.o
                0x08005810                xQueueGenericReset
 .text.xQueueGenericCreate
                0x080058e4       0xc4 ./RTOS/FreeRTOS/queue.o
                0x080058e4                xQueueGenericCreate
 .text.prvInitialiseNewQueue
                0x080059a8       0x46 ./RTOS/FreeRTOS/queue.o
 *fill*         0x080059ee        0x2 
 .text.xQueueGenericSend
                0x080059f0      0x204 ./RTOS/FreeRTOS/queue.o
                0x080059f0                xQueueGenericSend
 .text.xQueueGenericSendFromISR
                0x08005bf4      0x15c ./RTOS/FreeRTOS/queue.o
                0x08005bf4                xQueueGenericSendFromISR
 .text.xQueueGiveFromISR
                0x08005d50      0x140 ./RTOS/FreeRTOS/queue.o
                0x08005d50                xQueueGiveFromISR
 .text.xQueueReceive
                0x08005e90      0x1c4 ./RTOS/FreeRTOS/queue.o
                0x08005e90                xQueueReceive
 .text.xQueueSemaphoreTake
                0x08006054      0x220 ./RTOS/FreeRTOS/queue.o
                0x08006054                xQueueSemaphoreTake
 .text.prvGetDisinheritPriorityAfterTimeout
                0x08006274       0x30 ./RTOS/FreeRTOS/queue.o
 .text.prvCopyDataToQueue
                0x080062a4       0xd4 ./RTOS/FreeRTOS/queue.o
 .text.prvCopyDataFromQueue
                0x08006378       0x4c ./RTOS/FreeRTOS/queue.o
 .text.prvUnlockQueue
                0x080063c4       0xa4 ./RTOS/FreeRTOS/queue.o
 .text.prvIsQueueEmpty
                0x08006468       0x2c ./RTOS/FreeRTOS/queue.o
 .text.prvIsQueueFull
                0x08006494       0x30 ./RTOS/FreeRTOS/queue.o
 .text.vQueueAddToRegistry
                0x080064c4       0x54 ./RTOS/FreeRTOS/queue.o
                0x080064c4                vQueueAddToRegistry
 .text.vQueueWaitForMessageRestricted
                0x08006518       0x68 ./RTOS/FreeRTOS/queue.o
                0x08006518                vQueueWaitForMessageRestricted
 .text.xTaskCreate
                0x08006580       0x82 ./RTOS/FreeRTOS/tasks.o
                0x08006580                xTaskCreate
 .text.prvInitialiseNewTask
                0x08006602      0x12e ./RTOS/FreeRTOS/tasks.o
 .text.prvAddNewTaskToReadyList
                0x08006730       0xdc ./RTOS/FreeRTOS/tasks.o
 .text.vTaskDelay
                0x0800680c       0x6c ./RTOS/FreeRTOS/tasks.o
                0x0800680c                vTaskDelay
 .text.vTaskStartScheduler
                0x08006878       0xa4 ./RTOS/FreeRTOS/tasks.o
                0x08006878                vTaskStartScheduler
 .text.vTaskSuspendAll
                0x0800691c       0x1c ./RTOS/FreeRTOS/tasks.o
                0x0800691c                vTaskSuspendAll
 .text.xTaskResumeAll
                0x08006938      0x13c ./RTOS/FreeRTOS/tasks.o
                0x08006938                xTaskResumeAll
 .text.xTaskGetTickCount
                0x08006a74       0x20 ./RTOS/FreeRTOS/tasks.o
                0x08006a74                xTaskGetTickCount
 .text.xTaskIncrementTick
                0x08006a94      0x174 ./RTOS/FreeRTOS/tasks.o
                0x08006a94                xTaskIncrementTick
 .text.vTaskSwitchContext
                0x08006c08       0xb8 ./RTOS/FreeRTOS/tasks.o
                0x08006c08                vTaskSwitchContext
 .text.vTaskPlaceOnEventList
                0x08006cc0       0x4c ./RTOS/FreeRTOS/tasks.o
                0x08006cc0                vTaskPlaceOnEventList
 .text.vTaskPlaceOnEventListRestricted
                0x08006d0c       0x58 ./RTOS/FreeRTOS/tasks.o
                0x08006d0c                vTaskPlaceOnEventListRestricted
 .text.xTaskRemoveFromEventList
                0x08006d64       0xc8 ./RTOS/FreeRTOS/tasks.o
                0x08006d64                xTaskRemoveFromEventList
 .text.vTaskInternalSetTimeOutState
                0x08006e2c       0x2c ./RTOS/FreeRTOS/tasks.o
                0x08006e2c                vTaskInternalSetTimeOutState
 .text.xTaskCheckForTimeOut
                0x08006e58       0xd0 ./RTOS/FreeRTOS/tasks.o
                0x08006e58                xTaskCheckForTimeOut
 .text.vTaskMissedYield
                0x08006f28       0x18 ./RTOS/FreeRTOS/tasks.o
                0x08006f28                vTaskMissedYield
 .text.prvIdleTask
                0x08006f40       0x30 ./RTOS/FreeRTOS/tasks.o
 .text.prvInitialiseTaskLists
                0x08006f70       0x80 ./RTOS/FreeRTOS/tasks.o
 .text.prvCheckTasksWaitingTermination
                0x08006ff0       0x5c ./RTOS/FreeRTOS/tasks.o
 .text.prvDeleteTCB
                0x0800704c       0x20 ./RTOS/FreeRTOS/tasks.o
 .text.prvResetNextTaskUnblockTime
                0x0800706c       0x38 ./RTOS/FreeRTOS/tasks.o
 .text.xTaskGetSchedulerState
                0x080070a4       0x3c ./RTOS/FreeRTOS/tasks.o
                0x080070a4                xTaskGetSchedulerState
 .text.xTaskPriorityInherit
                0x080070e0       0xec ./RTOS/FreeRTOS/tasks.o
                0x080070e0                xTaskPriorityInherit
 .text.xTaskPriorityDisinherit
                0x080071cc       0xf8 ./RTOS/FreeRTOS/tasks.o
                0x080071cc                xTaskPriorityDisinherit
 .text.vTaskPriorityDisinheritAfterTimeout
                0x080072c4      0x120 ./RTOS/FreeRTOS/tasks.o
                0x080072c4                vTaskPriorityDisinheritAfterTimeout
 .text.pvTaskIncrementMutexHeldCount
                0x080073e4       0x28 ./RTOS/FreeRTOS/tasks.o
                0x080073e4                pvTaskIncrementMutexHeldCount
 .text.prvAddCurrentTaskToDelayedList
                0x0800740c       0xcc ./RTOS/FreeRTOS/tasks.o
 .text.xTimerCreateTimerTask
                0x080074d8       0x68 ./RTOS/FreeRTOS/timers.o
                0x080074d8                xTimerCreateTimerTask
 .text.xTimerGenericCommand
                0x08007540       0x9c ./RTOS/FreeRTOS/timers.o
                0x08007540                xTimerGenericCommand
 .text.prvProcessExpiredTimer
                0x080075dc       0x9c ./RTOS/FreeRTOS/timers.o
 .text.prvTimerTask
                0x08007678       0x26 ./RTOS/FreeRTOS/timers.o
 *fill*         0x0800769e        0x2 
 .text.prvProcessTimerOrBlockTask
                0x080076a0       0x9c ./RTOS/FreeRTOS/timers.o
 .text.prvGetNextExpireTime
                0x0800773c       0x48 ./RTOS/FreeRTOS/timers.o
 .text.prvSampleTimeNow
                0x08007784       0x40 ./RTOS/FreeRTOS/timers.o
 .text.prvInsertTimerInActiveList
                0x080077c4       0x84 ./RTOS/FreeRTOS/timers.o
 .text.prvProcessReceivedCommands
                0x08007848      0x194 ./RTOS/FreeRTOS/timers.o
 .text.prvSwitchTimerLists
                0x080079dc       0xcc ./RTOS/FreeRTOS/timers.o
 .text.prvCheckForValidListAndQueue
                0x08007aa8       0x6c ./RTOS/FreeRTOS/timers.o
 .text.pxPortInitialiseStack
                0x08007b14       0x68 ./RTOS/FreeRTOS/portable/GCC/ARM_CM4F/port.o
                0x08007b14                pxPortInitialiseStack
 .text.prvTaskExitError
                0x08007b7c       0x5c ./RTOS/FreeRTOS/portable/GCC/ARM_CM4F/port.o
 *fill*         0x08007bd8        0x8 
 .text.SVC_Handler
                0x08007be0       0x28 ./RTOS/FreeRTOS/portable/GCC/ARM_CM4F/port.o
                0x08007be0                SVC_Handler
 .text.prvPortStartFirstTask
                0x08007c08       0x2c ./RTOS/FreeRTOS/portable/GCC/ARM_CM4F/port.o
 .text.xPortStartScheduler
                0x08007c34      0x148 ./RTOS/FreeRTOS/portable/GCC/ARM_CM4F/port.o
                0x08007c34                xPortStartScheduler
 .text.vPortEnterCritical
                0x08007d7c       0x64 ./RTOS/FreeRTOS/portable/GCC/ARM_CM4F/port.o
                0x08007d7c                vPortEnterCritical
 .text.vPortExitCritical
                0x08007de0       0x54 ./RTOS/FreeRTOS/portable/GCC/ARM_CM4F/port.o
                0x08007de0                vPortExitCritical
 *fill*         0x08007e34        0xc 
 .text.PendSV_Handler
                0x08007e40       0x68 ./RTOS/FreeRTOS/portable/GCC/ARM_CM4F/port.o
                0x08007e40                PendSV_Handler
 .text.SysTick_Handler
                0x08007ea8       0x44 ./RTOS/FreeRTOS/portable/GCC/ARM_CM4F/port.o
                0x08007ea8                SysTick_Handler
 .text.vPortSetupTimerInterrupt
                0x08007eec       0x48 ./RTOS/FreeRTOS/portable/GCC/ARM_CM4F/port.o
                0x08007eec                vPortSetupTimerInterrupt
 .text.vPortEnableVFP
                0x08007f34       0x18 ./RTOS/FreeRTOS/portable/GCC/ARM_CM4F/port.o
 .text.vPortValidateInterruptPriority
                0x08007f4c       0x84 ./RTOS/FreeRTOS/portable/GCC/ARM_CM4F/port.o
                0x08007f4c                vPortValidateInterruptPriority
 .text.pvPortMalloc
                0x08007fd0      0x1c4 ./RTOS/FreeRTOS/portable/MemMang/heap_4.o
                0x08007fd0                pvPortMalloc
 .text.vPortFree
                0x08008194       0xc8 ./RTOS/FreeRTOS/portable/MemMang/heap_4.o
                0x08008194                vPortFree
 .text.prvHeapInit
                0x0800825c       0xc4 ./RTOS/FreeRTOS/portable/MemMang/heap_4.o
 .text.prvInsertBlockIntoFreeList
                0x08008320       0xb4 ./RTOS/FreeRTOS/portable/MemMang/heap_4.o
 .text.std      0x080083d4       0x6c C:/ST/STM32CubeIDE_1.16.1/STM32CubeIDE/plugins/com.st.stm32cube.ide.mcu.externaltools.gnu-tools-for-stm32.12.3.rel1.win32_1.0.200.202406191623/tools/bin/../lib/gcc/arm-none-eabi/12.3.1/../../../../arm-none-eabi/lib/thumb/v7e-m+fp/hard\libc_nano.a(libc_a-findfp.o)
 .text.stdio_exit_handler
                0x08008440       0x18 C:/ST/STM32CubeIDE_1.16.1/STM32CubeIDE/plugins/com.st.stm32cube.ide.mcu.externaltools.gnu-tools-for-stm32.12.3.rel1.win32_1.0.200.202406191623/tools/bin/../lib/gcc/arm-none-eabi/12.3.1/../../../../arm-none-eabi/lib/thumb/v7e-m+fp/hard\libc_nano.a(libc_a-findfp.o)
 .text.cleanup_stdio
                0x08008458       0x40 C:/ST/STM32CubeIDE_1.16.1/STM32CubeIDE/plugins/com.st.stm32cube.ide.mcu.externaltools.gnu-tools-for-stm32.12.3.rel1.win32_1.0.200.202406191623/tools/bin/../lib/gcc/arm-none-eabi/12.3.1/../../../../arm-none-eabi/lib/thumb/v7e-m+fp/hard\libc_nano.a(libc_a-findfp.o)
 .text.global_stdio_init.part.0
                0x08008498       0x3c C:/ST/STM32CubeIDE_1.16.1/STM32CubeIDE/plugins/com.st.stm32cube.ide.mcu.externaltools.gnu-tools-for-stm32.12.3.rel1.win32_1.0.200.202406191623/tools/bin/../lib/gcc/arm-none-eabi/12.3.1/../../../../arm-none-eabi/lib/thumb/v7e-m+fp/hard\libc_nano.a(libc_a-findfp.o)
 .text.__sfp_lock_acquire
                0x080084d4        0xc C:/ST/STM32CubeIDE_1.16.1/STM32CubeIDE/plugins/com.st.stm32cube.ide.mcu.externaltools.gnu-tools-for-stm32.12.3.rel1.win32_1.0.200.202406191623/tools/bin/../lib/gcc/arm-none-eabi/12.3.1/../../../../arm-none-eabi/lib/thumb/v7e-m+fp/hard\libc_nano.a(libc_a-findfp.o)
                0x080084d4                __sfp_lock_acquire
 .text.__sfp_lock_release
                0x080084e0        0xc C:/ST/STM32CubeIDE_1.16.1/STM32CubeIDE/plugins/com.st.stm32cube.ide.mcu.externaltools.gnu-tools-for-stm32.12.3.rel1.win32_1.0.200.202406191623/tools/bin/../lib/gcc/arm-none-eabi/12.3.1/../../../../arm-none-eabi/lib/thumb/v7e-m+fp/hard\libc_nano.a(libc_a-findfp.o)
                0x080084e0                __sfp_lock_release
 .text.__sinit  0x080084ec       0x30 C:/ST/STM32CubeIDE_1.16.1/STM32CubeIDE/plugins/com.st.stm32cube.ide.mcu.externaltools.gnu-tools-for-stm32.12.3.rel1.win32_1.0.200.202406191623/tools/bin/../lib/gcc/arm-none-eabi/12.3.1/../../../../arm-none-eabi/lib/thumb/v7e-m+fp/hard\libc_nano.a(libc_a-findfp.o)
                0x080084ec                __sinit
 .text._fwalk_sglue
                0x0800851c       0x3c C:/ST/STM32CubeIDE_1.16.1/STM32CubeIDE/plugins/com.st.stm32cube.ide.mcu.externaltools.gnu-tools-for-stm32.12.3.rel1.win32_1.0.200.202406191623/tools/bin/../lib/gcc/arm-none-eabi/12.3.1/../../../../arm-none-eabi/lib/thumb/v7e-m+fp/hard\libc_nano.a(libc_a-fwalk.o)
                0x0800851c                _fwalk_sglue
 .text.printf   0x08008558       0x24 C:/ST/STM32CubeIDE_1.16.1/STM32CubeIDE/plugins/com.st.stm32cube.ide.mcu.externaltools.gnu-tools-for-stm32.12.3.rel1.win32_1.0.200.202406191623/tools/bin/../lib/gcc/arm-none-eabi/12.3.1/../../../../arm-none-eabi/lib/thumb/v7e-m+fp/hard\libc_nano.a(libc_a-printf.o)
                0x08008558                iprintf
                0x08008558                printf
 .text._puts_r  0x0800857c       0xaa C:/ST/STM32CubeIDE_1.16.1/STM32CubeIDE/plugins/com.st.stm32cube.ide.mcu.externaltools.gnu-tools-for-stm32.12.3.rel1.win32_1.0.200.202406191623/tools/bin/../lib/gcc/arm-none-eabi/12.3.1/../../../../arm-none-eabi/lib/thumb/v7e-m+fp/hard\libc_nano.a(libc_a-puts.o)
                0x0800857c                _puts_r
 *fill*         0x08008626        0x2 
 .text.puts     0x08008628       0x10 C:/ST/STM32CubeIDE_1.16.1/STM32CubeIDE/plugins/com.st.stm32cube.ide.mcu.externaltools.gnu-tools-for-stm32.12.3.rel1.win32_1.0.200.202406191623/tools/bin/../lib/gcc/arm-none-eabi/12.3.1/../../../../arm-none-eabi/lib/thumb/v7e-m+fp/hard\libc_nano.a(libc_a-puts.o)
                0x08008628                puts
 .text.snprintf
                0x08008638       0x68 C:/ST/STM32CubeIDE_1.16.1/STM32CubeIDE/plugins/com.st.stm32cube.ide.mcu.externaltools.gnu-tools-for-stm32.12.3.rel1.win32_1.0.200.202406191623/tools/bin/../lib/gcc/arm-none-eabi/12.3.1/../../../../arm-none-eabi/lib/thumb/v7e-m+fp/hard\libc_nano.a(libc_a-snprintf.o)
                0x08008638                sniprintf
                0x08008638                snprintf
 .text.sprintf  0x080086a0       0x40 C:/ST/STM32CubeIDE_1.16.1/STM32CubeIDE/plugins/com.st.stm32cube.ide.mcu.externaltools.gnu-tools-for-stm32.12.3.rel1.win32_1.0.200.202406191623/tools/bin/../lib/gcc/arm-none-eabi/12.3.1/../../../../arm-none-eabi/lib/thumb/v7e-m+fp/hard\libc_nano.a(libc_a-sprintf.o)
                0x080086a0                siprintf
                0x080086a0                sprintf
 .text.__sread  0x080086e0       0x22 C:/ST/STM32CubeIDE_1.16.1/STM32CubeIDE/plugins/com.st.stm32cube.ide.mcu.externaltools.gnu-tools-for-stm32.12.3.rel1.win32_1.0.200.202406191623/tools/bin/../lib/gcc/arm-none-eabi/12.3.1/../../../../arm-none-eabi/lib/thumb/v7e-m+fp/hard\libc_nano.a(libc_a-stdio.o)
                0x080086e0                __sread
 .text.__swrite
                0x08008702       0x38 C:/ST/STM32CubeIDE_1.16.1/STM32CubeIDE/plugins/com.st.stm32cube.ide.mcu.externaltools.gnu-tools-for-stm32.12.3.rel1.win32_1.0.200.202406191623/tools/bin/../lib/gcc/arm-none-eabi/12.3.1/../../../../arm-none-eabi/lib/thumb/v7e-m+fp/hard\libc_nano.a(libc_a-stdio.o)
                0x08008702                __swrite
 .text.__sseek  0x0800873a       0x24 C:/ST/STM32CubeIDE_1.16.1/STM32CubeIDE/plugins/com.st.stm32cube.ide.mcu.externaltools.gnu-tools-for-stm32.12.3.rel1.win32_1.0.200.202406191623/tools/bin/../lib/gcc/arm-none-eabi/12.3.1/../../../../arm-none-eabi/lib/thumb/v7e-m+fp/hard\libc_nano.a(libc_a-stdio.o)
                0x0800873a                __sseek
 .text.__sclose
                0x0800875e        0x8 C:/ST/STM32CubeIDE_1.16.1/STM32CubeIDE/plugins/com.st.stm32cube.ide.mcu.externaltools.gnu-tools-for-stm32.12.3.rel1.win32_1.0.200.202406191623/tools/bin/../lib/gcc/arm-none-eabi/12.3.1/../../../../arm-none-eabi/lib/thumb/v7e-m+fp/hard\libc_nano.a(libc_a-stdio.o)
                0x0800875e                __sclose
 .text.__swbuf_r
                0x08008766       0x7c C:/ST/STM32CubeIDE_1.16.1/STM32CubeIDE/plugins/com.st.stm32cube.ide.mcu.externaltools.gnu-tools-for-stm32.12.3.rel1.win32_1.0.200.202406191623/tools/bin/../lib/gcc/arm-none-eabi/12.3.1/../../../../arm-none-eabi/lib/thumb/v7e-m+fp/hard\libc_nano.a(libc_a-wbuf.o)
                0x08008766                __swbuf_r
 *fill*         0x080087e2        0x2 
 .text.__swsetup_r
                0x080087e4       0xac C:/ST/STM32CubeIDE_1.16.1/STM32CubeIDE/plugins/com.st.stm32cube.ide.mcu.externaltools.gnu-tools-for-stm32.12.3.rel1.win32_1.0.200.202406191623/tools/bin/../lib/gcc/arm-none-eabi/12.3.1/../../../../arm-none-eabi/lib/thumb/v7e-m+fp/hard\libc_nano.a(libc_a-wsetup.o)
                0x080087e4                __swsetup_r
 .text.memset   0x08008890       0x10 C:/ST/STM32CubeIDE_1.16.1/STM32CubeIDE/plugins/com.st.stm32cube.ide.mcu.externaltools.gnu-tools-for-stm32.12.3.rel1.win32_1.0.200.202406191623/tools/bin/../lib/gcc/arm-none-eabi/12.3.1/../../../../arm-none-eabi/lib/thumb/v7e-m+fp/hard\libc_nano.a(libc_a-memset.o)
                0x08008890                memset
 .text.strncpy  0x080088a0       0x26 C:/ST/STM32CubeIDE_1.16.1/STM32CubeIDE/plugins/com.st.stm32cube.ide.mcu.externaltools.gnu-tools-for-stm32.12.3.rel1.win32_1.0.200.202406191623/tools/bin/../lib/gcc/arm-none-eabi/12.3.1/../../../../arm-none-eabi/lib/thumb/v7e-m+fp/hard\libc_nano.a(libc_a-strncpy.o)
                0x080088a0                strncpy
 .text.strstr   0x080088c6       0x2c C:/ST/STM32CubeIDE_1.16.1/STM32CubeIDE/plugins/com.st.stm32cube.ide.mcu.externaltools.gnu-tools-for-stm32.12.3.rel1.win32_1.0.200.202406191623/tools/bin/../lib/gcc/arm-none-eabi/12.3.1/../../../../arm-none-eabi/lib/thumb/v7e-m+fp/hard\libc_nano.a(libc_a-strstr.o)
                0x080088c6                strstr
 *fill*         0x080088f2        0x2 
 .text._close_r
                0x080088f4       0x20 C:/ST/STM32CubeIDE_1.16.1/STM32CubeIDE/plugins/com.st.stm32cube.ide.mcu.externaltools.gnu-tools-for-stm32.12.3.rel1.win32_1.0.200.202406191623/tools/bin/../lib/gcc/arm-none-eabi/12.3.1/../../../../arm-none-eabi/lib/thumb/v7e-m+fp/hard\libc_nano.a(libc_a-closer.o)
                0x080088f4                _close_r
 .text._lseek_r
                0x08008914       0x24 C:/ST/STM32CubeIDE_1.16.1/STM32CubeIDE/plugins/com.st.stm32cube.ide.mcu.externaltools.gnu-tools-for-stm32.12.3.rel1.win32_1.0.200.202406191623/tools/bin/../lib/gcc/arm-none-eabi/12.3.1/../../../../arm-none-eabi/lib/thumb/v7e-m+fp/hard\libc_nano.a(libc_a-lseekr.o)
                0x08008914                _lseek_r
 .text._read_r  0x08008938       0x24 C:/ST/STM32CubeIDE_1.16.1/STM32CubeIDE/plugins/com.st.stm32cube.ide.mcu.externaltools.gnu-tools-for-stm32.12.3.rel1.win32_1.0.200.202406191623/tools/bin/../lib/gcc/arm-none-eabi/12.3.1/../../../../arm-none-eabi/lib/thumb/v7e-m+fp/hard\libc_nano.a(libc_a-readr.o)
                0x08008938                _read_r
 .text._write_r
                0x0800895c       0x24 C:/ST/STM32CubeIDE_1.16.1/STM32CubeIDE/plugins/com.st.stm32cube.ide.mcu.externaltools.gnu-tools-for-stm32.12.3.rel1.win32_1.0.200.202406191623/tools/bin/../lib/gcc/arm-none-eabi/12.3.1/../../../../arm-none-eabi/lib/thumb/v7e-m+fp/hard\libc_nano.a(libc_a-writer.o)
                0x0800895c                _write_r
 .text.__libc_init_array
                0x08008980       0x48 C:/ST/STM32CubeIDE_1.16.1/STM32CubeIDE/plugins/com.st.stm32cube.ide.mcu.externaltools.gnu-tools-for-stm32.12.3.rel1.win32_1.0.200.202406191623/tools/bin/../lib/gcc/arm-none-eabi/12.3.1/../../../../arm-none-eabi/lib/thumb/v7e-m+fp/hard\libc_nano.a(libc_a-init.o)
                0x08008980                __libc_init_array
 .text.__retarget_lock_init_recursive
                0x080089c8        0x2 C:/ST/STM32CubeIDE_1.16.1/STM32CubeIDE/plugins/com.st.stm32cube.ide.mcu.externaltools.gnu-tools-for-stm32.12.3.rel1.win32_1.0.200.202406191623/tools/bin/../lib/gcc/arm-none-eabi/12.3.1/../../../../arm-none-eabi/lib/thumb/v7e-m+fp/hard\libc_nano.a(libc_a-lock.o)
                0x080089c8                __retarget_lock_init_recursive
 .text.__retarget_lock_acquire_recursive
                0x080089ca        0x2 C:/ST/STM32CubeIDE_1.16.1/STM32CubeIDE/plugins/com.st.stm32cube.ide.mcu.externaltools.gnu-tools-for-stm32.12.3.rel1.win32_1.0.200.202406191623/tools/bin/../lib/gcc/arm-none-eabi/12.3.1/../../../../arm-none-eabi/lib/thumb/v7e-m+fp/hard\libc_nano.a(libc_a-lock.o)
                0x080089ca                __retarget_lock_acquire_recursive
 .text.__retarget_lock_release_recursive
                0x080089cc        0x2 C:/ST/STM32CubeIDE_1.16.1/STM32CubeIDE/plugins/com.st.stm32cube.ide.mcu.externaltools.gnu-tools-for-stm32.12.3.rel1.win32_1.0.200.202406191623/tools/bin/../lib/gcc/arm-none-eabi/12.3.1/../../../../arm-none-eabi/lib/thumb/v7e-m+fp/hard\libc_nano.a(libc_a-lock.o)
                0x080089cc                __retarget_lock_release_recursive
 .text.memcpy   0x080089ce       0x1c C:/ST/STM32CubeIDE_1.16.1/STM32CubeIDE/plugins/com.st.stm32cube.ide.mcu.externaltools.gnu-tools-for-stm32.12.3.rel1.win32_1.0.200.202406191623/tools/bin/../lib/gcc/arm-none-eabi/12.3.1/../../../../arm-none-eabi/lib/thumb/v7e-m+fp/hard\libc_nano.a(libc_a-memcpy-stub.o)
                0x080089ce                memcpy
 *fill*         0x080089ea        0x2 
 .text._free_r  0x080089ec       0x94 C:/ST/STM32CubeIDE_1.16.1/STM32CubeIDE/plugins/com.st.stm32cube.ide.mcu.externaltools.gnu-tools-for-stm32.12.3.rel1.win32_1.0.200.202406191623/tools/bin/../lib/gcc/arm-none-eabi/12.3.1/../../../../arm-none-eabi/lib/thumb/v7e-m+fp/hard\libc_nano.a(libc_a-freer.o)
                0x080089ec                _free_r
 .text.sbrk_aligned
                0x08008a80       0x44 C:/ST/STM32CubeIDE_1.16.1/STM32CubeIDE/plugins/com.st.stm32cube.ide.mcu.externaltools.gnu-tools-for-stm32.12.3.rel1.win32_1.0.200.202406191623/tools/bin/../lib/gcc/arm-none-eabi/12.3.1/../../../../arm-none-eabi/lib/thumb/v7e-m+fp/hard\libc_nano.a(libc_a-mallocr.o)
 .text._malloc_r
                0x08008ac4      0x100 C:/ST/STM32CubeIDE_1.16.1/STM32CubeIDE/plugins/com.st.stm32cube.ide.mcu.externaltools.gnu-tools-for-stm32.12.3.rel1.win32_1.0.200.202406191623/tools/bin/../lib/gcc/arm-none-eabi/12.3.1/../../../../arm-none-eabi/lib/thumb/v7e-m+fp/hard\libc_nano.a(libc_a-mallocr.o)
                0x08008ac4                _malloc_r
 .text.__malloc_lock
                0x08008bc4        0xc C:/ST/STM32CubeIDE_1.16.1/STM32CubeIDE/plugins/com.st.stm32cube.ide.mcu.externaltools.gnu-tools-for-stm32.12.3.rel1.win32_1.0.200.202406191623/tools/bin/../lib/gcc/arm-none-eabi/12.3.1/../../../../arm-none-eabi/lib/thumb/v7e-m+fp/hard\libc_nano.a(libc_a-mlock.o)
                0x08008bc4                __malloc_lock
 .text.__malloc_unlock
                0x08008bd0        0xc C:/ST/STM32CubeIDE_1.16.1/STM32CubeIDE/plugins/com.st.stm32cube.ide.mcu.externaltools.gnu-tools-for-stm32.12.3.rel1.win32_1.0.200.202406191623/tools/bin/../lib/gcc/arm-none-eabi/12.3.1/../../../../arm-none-eabi/lib/thumb/v7e-m+fp/hard\libc_nano.a(libc_a-mlock.o)
                0x08008bd0                __malloc_unlock
 .text.__ssputs_r
                0x08008bdc       0xb6 C:/ST/STM32CubeIDE_1.16.1/STM32CubeIDE/plugins/com.st.stm32cube.ide.mcu.externaltools.gnu-tools-for-stm32.12.3.rel1.win32_1.0.200.202406191623/tools/bin/../lib/gcc/arm-none-eabi/12.3.1/../../../../arm-none-eabi/lib/thumb/v7e-m+fp/hard\libc_nano.a(libc_a-nano-svfprintf.o)
                0x08008bdc                __ssputs_r
 *fill*         0x08008c92        0x2 
 .text._svfprintf_r
                0x08008c94      0x1f8 C:/ST/STM32CubeIDE_1.16.1/STM32CubeIDE/plugins/com.st.stm32cube.ide.mcu.externaltools.gnu-tools-for-stm32.12.3.rel1.win32_1.0.200.202406191623/tools/bin/../lib/gcc/arm-none-eabi/12.3.1/../../../../arm-none-eabi/lib/thumb/v7e-m+fp/hard\libc_nano.a(libc_a-nano-svfprintf.o)
                0x08008c94                _svfiprintf_r
                0x08008c94                _svfprintf_r
 .text.__sfputc_r
                0x08008e8c       0x2e C:/ST/STM32CubeIDE_1.16.1/STM32CubeIDE/plugins/com.st.stm32cube.ide.mcu.externaltools.gnu-tools-for-stm32.12.3.rel1.win32_1.0.200.202406191623/tools/bin/../lib/gcc/arm-none-eabi/12.3.1/../../../../arm-none-eabi/lib/thumb/v7e-m+fp/hard\libc_nano.a(libc_a-nano-vfprintf.o)
 .text.__sfputs_r
                0x08008eba       0x24 C:/ST/STM32CubeIDE_1.16.1/STM32CubeIDE/plugins/com.st.stm32cube.ide.mcu.externaltools.gnu-tools-for-stm32.12.3.rel1.win32_1.0.200.202406191623/tools/bin/../lib/gcc/arm-none-eabi/12.3.1/../../../../arm-none-eabi/lib/thumb/v7e-m+fp/hard\libc_nano.a(libc_a-nano-vfprintf.o)
                0x08008eba                __sfputs_r
 *fill*         0x08008ede        0x2 
 .text._vfprintf_r
                0x08008ee0      0x230 C:/ST/STM32CubeIDE_1.16.1/STM32CubeIDE/plugins/com.st.stm32cube.ide.mcu.externaltools.gnu-tools-for-stm32.12.3.rel1.win32_1.0.200.202406191623/tools/bin/../lib/gcc/arm-none-eabi/12.3.1/../../../../arm-none-eabi/lib/thumb/v7e-m+fp/hard\libc_nano.a(libc_a-nano-vfprintf.o)
                0x08008ee0                _vfprintf_r
                0x08008ee0                _vfiprintf_r
 .text._printf_common
                0x08009110       0xda C:/ST/STM32CubeIDE_1.16.1/STM32CubeIDE/plugins/com.st.stm32cube.ide.mcu.externaltools.gnu-tools-for-stm32.12.3.rel1.win32_1.0.200.202406191623/tools/bin/../lib/gcc/arm-none-eabi/12.3.1/../../../../arm-none-eabi/lib/thumb/v7e-m+fp/hard\libc_nano.a(libc_a-nano-vfprintf_i.o)
                0x08009110                _printf_common
 *fill*         0x080091ea        0x2 
 .text._printf_i
                0x080091ec      0x240 C:/ST/STM32CubeIDE_1.16.1/STM32CubeIDE/plugins/com.st.stm32cube.ide.mcu.externaltools.gnu-tools-for-stm32.12.3.rel1.win32_1.0.200.202406191623/tools/bin/../lib/gcc/arm-none-eabi/12.3.1/../../../../arm-none-eabi/lib/thumb/v7e-m+fp/hard\libc_nano.a(libc_a-nano-vfprintf_i.o)
                0x080091ec                _printf_i
 .text.__sflush_r
                0x0800942c      0x108 C:/ST/STM32CubeIDE_1.16.1/STM32CubeIDE/plugins/com.st.stm32cube.ide.mcu.externaltools.gnu-tools-for-stm32.12.3.rel1.win32_1.0.200.202406191623/tools/bin/../lib/gcc/arm-none-eabi/12.3.1/../../../../arm-none-eabi/lib/thumb/v7e-m+fp/hard\libc_nano.a(libc_a-fflush.o)
                0x0800942c                __sflush_r
 .text._fflush_r
                0x08009534       0x50 C:/ST/STM32CubeIDE_1.16.1/STM32CubeIDE/plugins/com.st.stm32cube.ide.mcu.externaltools.gnu-tools-for-stm32.12.3.rel1.win32_1.0.200.202406191623/tools/bin/../lib/gcc/arm-none-eabi/12.3.1/../../../../arm-none-eabi/lib/thumb/v7e-m+fp/hard\libc_nano.a(libc_a-fflush.o)
                0x08009534                _fflush_r
 .text.__swhatbuf_r
                0x08009584       0x4c C:/ST/STM32CubeIDE_1.16.1/STM32CubeIDE/plugins/com.st.stm32cube.ide.mcu.externaltools.gnu-tools-for-stm32.12.3.rel1.win32_1.0.200.202406191623/tools/bin/../lib/gcc/arm-none-eabi/12.3.1/../../../../arm-none-eabi/lib/thumb/v7e-m+fp/hard\libc_nano.a(libc_a-makebuf.o)
                0x08009584                __swhatbuf_r
 .text.__smakebuf_r
                0x080095d0       0x78 C:/ST/STM32CubeIDE_1.16.1/STM32CubeIDE/plugins/com.st.stm32cube.ide.mcu.externaltools.gnu-tools-for-stm32.12.3.rel1.win32_1.0.200.202406191623/tools/bin/../lib/gcc/arm-none-eabi/12.3.1/../../../../arm-none-eabi/lib/thumb/v7e-m+fp/hard\libc_nano.a(libc_a-makebuf.o)
                0x080095d0                __smakebuf_r
 .text.memmove  0x08009648       0x34 C:/ST/STM32CubeIDE_1.16.1/STM32CubeIDE/plugins/com.st.stm32cube.ide.mcu.externaltools.gnu-tools-for-stm32.12.3.rel1.win32_1.0.200.202406191623/tools/bin/../lib/gcc/arm-none-eabi/12.3.1/../../../../arm-none-eabi/lib/thumb/v7e-m+fp/hard\libc_nano.a(libc_a-memmove.o)
                0x08009648                memmove
 .text._fstat_r
                0x0800967c       0x24 C:/ST/STM32CubeIDE_1.16.1/STM32CubeIDE/plugins/com.st.stm32cube.ide.mcu.externaltools.gnu-tools-for-stm32.12.3.rel1.win32_1.0.200.202406191623/tools/bin/../lib/gcc/arm-none-eabi/12.3.1/../../../../arm-none-eabi/lib/thumb/v7e-m+fp/hard\libc_nano.a(libc_a-fstatr.o)
                0x0800967c                _fstat_r
 .text._isatty_r
                0x080096a0       0x20 C:/ST/STM32CubeIDE_1.16.1/STM32CubeIDE/plugins/com.st.stm32cube.ide.mcu.externaltools.gnu-tools-for-stm32.12.3.rel1.win32_1.0.200.202406191623/tools/bin/../lib/gcc/arm-none-eabi/12.3.1/../../../../arm-none-eabi/lib/thumb/v7e-m+fp/hard\libc_nano.a(libc_a-isattyr.o)
                0x080096a0                _isatty_r
 .text._sbrk_r  0x080096c0       0x20 C:/ST/STM32CubeIDE_1.16.1/STM32CubeIDE/plugins/com.st.stm32cube.ide.mcu.externaltools.gnu-tools-for-stm32.12.3.rel1.win32_1.0.200.202406191623/tools/bin/../lib/gcc/arm-none-eabi/12.3.1/../../../../arm-none-eabi/lib/thumb/v7e-m+fp/hard\libc_nano.a(libc_a-sbrkr.o)
                0x080096c0                _sbrk_r
 .text._realloc_r
                0x080096e0       0x5c C:/ST/STM32CubeIDE_1.16.1/STM32CubeIDE/plugins/com.st.stm32cube.ide.mcu.externaltools.gnu-tools-for-stm32.12.3.rel1.win32_1.0.200.202406191623/tools/bin/../lib/gcc/arm-none-eabi/12.3.1/../../../../arm-none-eabi/lib/thumb/v7e-m+fp/hard\libc_nano.a(libc_a-reallocr.o)
                0x080096e0                _realloc_r
 .text._malloc_usable_size_r
                0x0800973c       0x10 C:/ST/STM32CubeIDE_1.16.1/STM32CubeIDE/plugins/com.st.stm32cube.ide.mcu.externaltools.gnu-tools-for-stm32.12.3.rel1.win32_1.0.200.202406191623/tools/bin/../lib/gcc/arm-none-eabi/12.3.1/../../../../arm-none-eabi/lib/thumb/v7e-m+fp/hard\libc_nano.a(libc_a-msizer.o)
                0x0800973c                _malloc_usable_size_r
 .text._sbrk    0x0800974c       0x1c C:/ST/STM32CubeIDE_1.16.1/STM32CubeIDE/plugins/com.st.stm32cube.ide.mcu.externaltools.gnu-tools-for-stm32.12.3.rel1.win32_1.0.200.202406191623/tools/bin/../lib/gcc/arm-none-eabi/12.3.1/../../../../arm-none-eabi/lib/thumb/v7e-m+fp/hard\libnosys.a(sbrk.o)
                0x0800974c                _sbrk
 *(.glue_7)
 .glue_7        0x08009768        0x0 linker stubs
 *(.glue_7t)
 .glue_7t       0x08009768        0x0 linker stubs
 *(.eh_frame)
 .eh_frame      0x08009768        0x0 C:/ST/STM32CubeIDE_1.16.1/STM32CubeIDE/plugins/com.st.stm32cube.ide.mcu.externaltools.gnu-tools-for-stm32.12.3.rel1.win32_1.0.200.202406191623/tools/bin/../lib/gcc/arm-none-eabi/12.3.1/thumb/v7e-m+fp/hard/crtbegin.o
 *(.init)
 .init          0x08009768        0x4 C:/ST/STM32CubeIDE_1.16.1/STM32CubeIDE/plugins/com.st.stm32cube.ide.mcu.externaltools.gnu-tools-for-stm32.12.3.rel1.win32_1.0.200.202406191623/tools/bin/../lib/gcc/arm-none-eabi/12.3.1/thumb/v7e-m+fp/hard/crti.o
                0x08009768                _init
 .init          0x0800976c        0x8 C:/ST/STM32CubeIDE_1.16.1/STM32CubeIDE/plugins/com.st.stm32cube.ide.mcu.externaltools.gnu-tools-for-stm32.12.3.rel1.win32_1.0.200.202406191623/tools/bin/../lib/gcc/arm-none-eabi/12.3.1/thumb/v7e-m+fp/hard/crtn.o
 *(.fini)
 .fini          0x08009774        0x4 C:/ST/STM32CubeIDE_1.16.1/STM32CubeIDE/plugins/com.st.stm32cube.ide.mcu.externaltools.gnu-tools-for-stm32.12.3.rel1.win32_1.0.200.202406191623/tools/bin/../lib/gcc/arm-none-eabi/12.3.1/thumb/v7e-m+fp/hard/crti.o
                0x08009774                _fini
 .fini          0x08009778        0x8 C:/ST/STM32CubeIDE_1.16.1/STM32CubeIDE/plugins/com.st.stm32cube.ide.mcu.externaltools.gnu-tools-for-stm32.12.3.rel1.win32_1.0.200.202406191623/tools/bin/../lib/gcc/arm-none-eabi/12.3.1/thumb/v7e-m+fp/hard/crtn.o
                0x08009780                        . = ALIGN (0x4)
                0x08009780                        _etext = .

.vfp11_veneer   0x08009780        0x0
 .vfp11_veneer  0x08009780        0x0 linker stubs

.v4_bx          0x08009780        0x0
 .v4_bx         0x08009780        0x0 linker stubs

.iplt           0x08009780        0x0
 .iplt          0x08009780        0x0 C:/ST/STM32CubeIDE_1.16.1/STM32CubeIDE/plugins/com.st.stm32cube.ide.mcu.externaltools.gnu-tools-for-stm32.12.3.rel1.win32_1.0.200.202406191623/tools/bin/../lib/gcc/arm-none-eabi/12.3.1/thumb/v7e-m+fp/hard/crtbegin.o

.rodata         0x08009780      0x6a4
                0x08009780                        . = ALIGN (0x4)
 *(.rodata)
 .rodata        0x08009780        0xf ./Core/Src/MQTTConnectClient.o
 *fill*         0x0800978f        0x1 
 .rodata        0x08009790      0x467 ./Core/Src/MQTTSim800.o
 *fill*         0x08009bf7        0x1 
 .rodata        0x08009bf8      0x1be ./Core/Src/main.o
 *fill*         0x08009db6        0x2 
 .rodata        0x08009db8        0x5 ./RTOS/FreeRTOS/tasks.o
 *fill*         0x08009dbd        0x3 
 .rodata        0x08009dc0        0xd ./RTOS/FreeRTOS/timers.o
 *(.rodata*)
 *fill*         0x08009dcd        0x3 
 .rodata.AHBPrescTable
                0x08009dd0       0x10 ./Core/Src/system_stm32f4xx.o
                0x08009dd0                AHBPrescTable
 .rodata.APBPrescTable
                0x08009de0        0x8 ./Core/Src/system_stm32f4xx.o
                0x08009de0                APBPrescTable
 .rodata.flagBitshiftOffset.0
                0x08009de8        0x8 ./Drivers/STM32F4xx_HAL_Driver/Src/stm32f4xx_hal_dma.o
 .rodata._svfprintf_r.str1.1
                0x08009df0       0x11 C:/ST/STM32CubeIDE_1.16.1/STM32CubeIDE/plugins/com.st.stm32cube.ide.mcu.externaltools.gnu-tools-for-stm32.12.3.rel1.win32_1.0.200.202406191623/tools/bin/../lib/gcc/arm-none-eabi/12.3.1/../../../../arm-none-eabi/lib/thumb/v7e-m+fp/hard\libc_nano.a(libc_a-nano-svfprintf.o)
 .rodata._vfprintf_r.str1.1
                0x08009e01       0x11 C:/ST/STM32CubeIDE_1.16.1/STM32CubeIDE/plugins/com.st.stm32cube.ide.mcu.externaltools.gnu-tools-for-stm32.12.3.rel1.win32_1.0.200.202406191623/tools/bin/../lib/gcc/arm-none-eabi/12.3.1/../../../../arm-none-eabi/lib/thumb/v7e-m+fp/hard\libc_nano.a(libc_a-nano-vfprintf.o)
 .rodata._printf_i.str1.1
                0x08009e01       0x22 C:/ST/STM32CubeIDE_1.16.1/STM32CubeIDE/plugins/com.st.stm32cube.ide.mcu.externaltools.gnu-tools-for-stm32.12.3.rel1.win32_1.0.200.202406191623/tools/bin/../lib/gcc/arm-none-eabi/12.3.1/../../../../arm-none-eabi/lib/thumb/v7e-m+fp/hard\libc_nano.a(libc_a-nano-vfprintf_i.o)
                0x08009e24                        . = ALIGN (0x4)
 *fill*         0x08009e23        0x1 

.ARM.extab      0x08009e24        0x0
                0x08009e24                        . = ALIGN (0x4)
 *(.ARM.extab* .gnu.linkonce.armextab.*)
                0x08009e24                        . = ALIGN (0x4)

.ARM            0x08009e24        0x8
                0x08009e24                        . = ALIGN (0x4)
                0x08009e24                        __exidx_start = .
 *(.ARM.exidx*)
 .ARM.exidx     0x08009e24        0x8 C:/ST/STM32CubeIDE_1.16.1/STM32CubeIDE/plugins/com.st.stm32cube.ide.mcu.externaltools.gnu-tools-for-stm32.12.3.rel1.win32_1.0.200.202406191623/tools/bin/../lib/gcc/arm-none-eabi/12.3.1/../../../../arm-none-eabi/lib/thumb/v7e-m+fp/hard\libc_nano.a(libc_a-strcmp.o)
 .ARM.exidx     0x08009e2c        0x0 C:/ST/STM32CubeIDE_1.16.1/STM32CubeIDE/plugins/com.st.stm32cube.ide.mcu.externaltools.gnu-tools-for-stm32.12.3.rel1.win32_1.0.200.202406191623/tools/bin/../lib/gcc/arm-none-eabi/12.3.1/../../../../arm-none-eabi/lib/thumb/v7e-m+fp/hard\libc_nano.a(libc_a-strlen.o)
                                  0x8 (size before relaxing)
 .ARM.exidx     0x08009e2c        0x0 C:/ST/STM32CubeIDE_1.16.1/STM32CubeIDE/plugins/com.st.stm32cube.ide.mcu.externaltools.gnu-tools-for-stm32.12.3.rel1.win32_1.0.200.202406191623/tools/bin/../lib/gcc/arm-none-eabi/12.3.1/../../../../arm-none-eabi/lib/thumb/v7e-m+fp/hard\libc_nano.a(libc_a-memchr.o)
                                  0x8 (size before relaxing)
 .ARM.exidx     0x08009e2c        0x0 C:/ST/STM32CubeIDE_1.16.1/STM32CubeIDE/plugins/com.st.stm32cube.ide.mcu.externaltools.gnu-tools-for-stm32.12.3.rel1.win32_1.0.200.202406191623/tools/bin/../lib/gcc/arm-none-eabi/12.3.1/thumb/v7e-m+fp/hard\libgcc.a(_udivmoddi4.o)
                                  0x8 (size before relaxing)
                0x08009e2c                        __exidx_end = .
                0x08009e2c                        . = ALIGN (0x4)

.preinit_array  0x08009e2c        0x0
                0x08009e2c                        . = ALIGN (0x4)
                0x08009e2c                        PROVIDE (__preinit_array_start = .)
 *(.preinit_array*)
                0x08009e2c                        PROVIDE (__preinit_array_end = .)
                0x08009e2c                        . = ALIGN (0x4)

.init_array     0x08009e2c        0x4
                0x08009e2c                        . = ALIGN (0x4)
                0x08009e2c                        PROVIDE (__init_array_start = .)
 *(SORT_BY_NAME(.init_array.*))
 *(.init_array*)
 .init_array    0x08009e2c        0x4 C:/ST/STM32CubeIDE_1.16.1/STM32CubeIDE/plugins/com.st.stm32cube.ide.mcu.externaltools.gnu-tools-for-stm32.12.3.rel1.win32_1.0.200.202406191623/tools/bin/../lib/gcc/arm-none-eabi/12.3.1/thumb/v7e-m+fp/hard/crtbegin.o
                0x08009e30                        PROVIDE (__init_array_end = .)
                0x08009e30                        . = ALIGN (0x4)

.fini_array     0x08009e30        0x4
                0x08009e30                        . = ALIGN (0x4)
                [!provide]                        PROVIDE (__fini_array_start = .)
 *(SORT_BY_NAME(.fini_array.*))
 *(.fini_array*)
 .fini_array    0x08009e30        0x4 C:/ST/STM32CubeIDE_1.16.1/STM32CubeIDE/plugins/com.st.stm32cube.ide.mcu.externaltools.gnu-tools-for-stm32.12.3.rel1.win32_1.0.200.202406191623/tools/bin/../lib/gcc/arm-none-eabi/12.3.1/thumb/v7e-m+fp/hard/crtbegin.o
                [!provide]                        PROVIDE (__fini_array_end = .)
                0x08009e34                        . = ALIGN (0x4)
                0x08009e34                        _sidata = LOADADDR (.data)

.rel.dyn        0x08009e34        0x0
 .rel.iplt      0x08009e34        0x0 C:/ST/STM32CubeIDE_1.16.1/STM32CubeIDE/plugins/com.st.stm32cube.ide.mcu.externaltools.gnu-tools-for-stm32.12.3.rel1.win32_1.0.200.202406191623/tools/bin/../lib/gcc/arm-none-eabi/12.3.1/thumb/v7e-m+fp/hard/crtbegin.o

.data           0x20000000       0x70 load address 0x08009e34
                0x20000000                        . = ALIGN (0x4)
                0x20000000                        _sdata = .
 *(.data)
 *(.data*)
 .data.SystemCoreClock
                0x20000000        0x4 ./Core/Src/system_stm32f4xx.o
                0x20000000                SystemCoreClock
 .data.uwTickPrio
                0x20000004        0x4 ./Drivers/STM32F4xx_HAL_Driver/Src/stm32f4xx_hal.o
                0x20000004                uwTickPrio
 .data.uwTickFreq
                0x20000008        0x1 ./Drivers/STM32F4xx_HAL_Driver/Src/stm32f4xx_hal.o
                0x20000008                uwTickFreq
 *fill*         0x20000009        0x3 
 .data.uxTopUsedPriority
                0x2000000c        0x4 ./RTOS/FreeRTOS/tasks.o
                0x2000000c                uxTopUsedPriority
 .data.uxCriticalNesting
                0x20000010        0x4 ./RTOS/FreeRTOS/portable/GCC/ARM_CM4F/port.o
 .data.__sglue  0x20000014        0xc C:/ST/STM32CubeIDE_1.16.1/STM32CubeIDE/plugins/com.st.stm32cube.ide.mcu.externaltools.gnu-tools-for-stm32.12.3.rel1.win32_1.0.200.202406191623/tools/bin/../lib/gcc/arm-none-eabi/12.3.1/../../../../arm-none-eabi/lib/thumb/v7e-m+fp/hard\libc_nano.a(libc_a-findfp.o)
                0x20000014                __sglue
 .data._impure_ptr
                0x20000020        0x4 C:/ST/STM32CubeIDE_1.16.1/STM32CubeIDE/plugins/com.st.stm32cube.ide.mcu.externaltools.gnu-tools-for-stm32.12.3.rel1.win32_1.0.200.202406191623/tools/bin/../lib/gcc/arm-none-eabi/12.3.1/../../../../arm-none-eabi/lib/thumb/v7e-m+fp/hard\libc_nano.a(libc_a-impure.o)
                0x20000020                _impure_ptr
 .data._impure_data
                0x20000024       0x4c C:/ST/STM32CubeIDE_1.16.1/STM32CubeIDE/plugins/com.st.stm32cube.ide.mcu.externaltools.gnu-tools-for-stm32.12.3.rel1.win32_1.0.200.202406191623/tools/bin/../lib/gcc/arm-none-eabi/12.3.1/../../../../arm-none-eabi/lib/thumb/v7e-m+fp/hard\libc_nano.a(libc_a-impure.o)
                0x20000024                _impure_data
 *(.RamFunc)
 *(.RamFunc*)
                0x20000070                        . = ALIGN (0x4)
                0x20000070                        _edata = .

.igot.plt       0x20000070        0x0 load address 0x08009ea4
 .igot.plt      0x20000070        0x0 C:/ST/STM32CubeIDE_1.16.1/STM32CubeIDE/plugins/com.st.stm32cube.ide.mcu.externaltools.gnu-tools-for-stm32.12.3.rel1.win32_1.0.200.202406191623/tools/bin/../lib/gcc/arm-none-eabi/12.3.1/thumb/v7e-m+fp/hard/crtbegin.o
                0x20000070                        . = ALIGN (0x4)

.bss            0x20000070    0x13d48 load address 0x08009ea4
                0x20000070                        _sbss = .
                0x20000070                        __bss_start__ = _sbss
 *(.bss)
 .bss           0x20000070       0x1c C:/ST/STM32CubeIDE_1.16.1/STM32CubeIDE/plugins/com.st.stm32cube.ide.mcu.externaltools.gnu-tools-for-stm32.12.3.rel1.win32_1.0.200.202406191623/tools/bin/../lib/gcc/arm-none-eabi/12.3.1/thumb/v7e-m+fp/hard/crtbegin.o
 *(.bss*)
 .bss.bufptr    0x2000008c        0x4 ./Core/Src/MQTTPacket.o
 .bss.rx_data   0x20000090        0x1 ./Core/Src/MQTTSim800.o
                0x20000090                rx_data
 *fill*         0x20000091        0x3 
 .bss.rx_buffer
                0x20000094      0x5b4 ./Core/Src/MQTTSim800.o
                0x20000094                rx_buffer
 .bss.rx_index  0x20000648        0x2 ./Core/Src/MQTTSim800.o
                0x20000648                rx_index
 .bss.mqtt_receive
                0x2000064a        0x1 ./Core/Src/MQTTSim800.o
                0x2000064a                mqtt_receive
 *fill*         0x2000064b        0x1 
 .bss.mqtt_buffer
                0x2000064c      0x5b4 ./Core/Src/MQTTSim800.o
                0x2000064c                mqtt_buffer
 .bss.mqtt_index
                0x20000c00        0x2 ./Core/Src/MQTTSim800.o
                0x20000c00                mqtt_index
 *fill*         0x20000c02        0x2 
 .bss.mqttTaskHandle
                0x20000c04        0x4 ./Core/Src/main.o
                0x20000c04                mqttTaskHandle
 .bss.gpioTaskHandle
                0x20000c08        0x4 ./Core/Src/main.o
                0x20000c08                gpioTaskHandle
 .bss.callBackTaskHandle
                0x20000c0c        0x4 ./Core/Src/main.o
                0x20000c0c                callBackTaskHandle
 .bss.xButtonSemaphore
                0x20000c10        0x4 ./Core/Src/main.o
                0x20000c10                xButtonSemaphore
 .bss.mqttQueue
                0x20000c14        0x4 ./Core/Src/main.o
                0x20000c14                mqttQueue
 .bss.GSM_rxCallbackQueue
                0x20000c18        0x4 ./Core/Src/main.o
                0x20000c18                GSM_rxCallbackQueue
 .bss.ESP_uartQueue
                0x20000c1c        0x4 ./Core/Src/main.o
                0x20000c1c                ESP_uartQueue
 .bss.buttonState
                0x20000c20        0x1 ./Core/Src/main.o
                0x20000c20                buttonState
 *fill*         0x20000c21        0x3 
 .bss.SIM800    0x20000c24       0xb8 ./Core/Src/main.o
                0x20000c24                SIM800
 .bss.lastKeepAliveTime
                0x20000cdc        0x4 ./Core/Src/main.o
                0x20000cdc                lastKeepAliveTime
 .bss.uartRxBuffer
                0x20000ce0        0x1 ./Core/Src/main.o
                0x20000ce0                uartRxBuffer
 *fill*         0x20000ce1        0x3 
 .bss.hspi1     0x20000ce4       0x58 ./Core/Src/spi.o
                0x20000ce4                hspi1
 .bss.htim6     0x20000d3c       0x48 ./Core/Src/stm32f4xx_hal_timebase_tim.o
                0x20000d3c                htim6
 .bss.huart4    0x20000d84       0x48 ./Core/Src/usart.o
                0x20000d84                huart4
 .bss.huart2    0x20000dcc       0x48 ./Core/Src/usart.o
                0x20000dcc                huart2
 .bss.huart3    0x20000e14       0x48 ./Core/Src/usart.o
                0x20000e14                huart3
 .bss.hdma_uart4_rx
                0x20000e5c       0x60 ./Core/Src/usart.o
                0x20000e5c                hdma_uart4_rx
 .bss.uwTick    0x20000ebc        0x4 ./Drivers/STM32F4xx_HAL_Driver/Src/stm32f4xx_hal.o
                0x20000ebc                uwTick
 .bss.xQueueRegistry
                0x20000ec0       0x40 ./RTOS/FreeRTOS/queue.o
                0x20000ec0                xQueueRegistry
 .bss.pxCurrentTCB
                0x20000f00        0x4 ./RTOS/FreeRTOS/tasks.o
                0x20000f00                pxCurrentTCB
 .bss.pxReadyTasksLists
                0x20000f04       0x64 ./RTOS/FreeRTOS/tasks.o
 .bss.xDelayedTaskList1
                0x20000f68       0x14 ./RTOS/FreeRTOS/tasks.o
 .bss.xDelayedTaskList2
                0x20000f7c       0x14 ./RTOS/FreeRTOS/tasks.o
 .bss.pxDelayedTaskList
                0x20000f90        0x4 ./RTOS/FreeRTOS/tasks.o
 .bss.pxOverflowDelayedTaskList
                0x20000f94        0x4 ./RTOS/FreeRTOS/tasks.o
 .bss.xPendingReadyList
                0x20000f98       0x14 ./RTOS/FreeRTOS/tasks.o
 .bss.xTasksWaitingTermination
                0x20000fac       0x14 ./RTOS/FreeRTOS/tasks.o
 .bss.uxDeletedTasksWaitingCleanUp
                0x20000fc0        0x4 ./RTOS/FreeRTOS/tasks.o
 .bss.xSuspendedTaskList
                0x20000fc4       0x14 ./RTOS/FreeRTOS/tasks.o
 .bss.uxCurrentNumberOfTasks
                0x20000fd8        0x4 ./RTOS/FreeRTOS/tasks.o
 .bss.xTickCount
                0x20000fdc        0x4 ./RTOS/FreeRTOS/tasks.o
 .bss.uxTopReadyPriority
                0x20000fe0        0x4 ./RTOS/FreeRTOS/tasks.o
 .bss.xSchedulerRunning
                0x20000fe4        0x4 ./RTOS/FreeRTOS/tasks.o
 .bss.xPendedTicks
                0x20000fe8        0x4 ./RTOS/FreeRTOS/tasks.o
 .bss.xYieldPending
                0x20000fec        0x4 ./RTOS/FreeRTOS/tasks.o
 .bss.xNumOfOverflows
                0x20000ff0        0x4 ./RTOS/FreeRTOS/tasks.o
 .bss.uxTaskNumber
                0x20000ff4        0x4 ./RTOS/FreeRTOS/tasks.o
 .bss.xNextTaskUnblockTime
                0x20000ff8        0x4 ./RTOS/FreeRTOS/tasks.o
 .bss.xIdleTaskHandle
                0x20000ffc        0x4 ./RTOS/FreeRTOS/tasks.o
 .bss.uxSchedulerSuspended
                0x20001000        0x4 ./RTOS/FreeRTOS/tasks.o
 .bss.xActiveTimerList1
                0x20001004       0x14 ./RTOS/FreeRTOS/timers.o
 .bss.xActiveTimerList2
                0x20001018       0x14 ./RTOS/FreeRTOS/timers.o
 .bss.pxCurrentTimerList
                0x2000102c        0x4 ./RTOS/FreeRTOS/timers.o
 .bss.pxOverflowTimerList
                0x20001030        0x4 ./RTOS/FreeRTOS/timers.o
 .bss.xTimerQueue
                0x20001034        0x4 ./RTOS/FreeRTOS/timers.o
 .bss.xTimerTaskHandle
                0x20001038        0x4 ./RTOS/FreeRTOS/timers.o
 .bss.xLastTime.0
                0x2000103c        0x4 ./RTOS/FreeRTOS/timers.o
 .bss.ucMaxSysCallPriority
                0x20001040        0x1 ./RTOS/FreeRTOS/portable/GCC/ARM_CM4F/port.o
 *fill*         0x20001041        0x3 
 .bss.ulMaxPRIGROUPValue
                0x20001044        0x4 ./RTOS/FreeRTOS/portable/GCC/ARM_CM4F/port.o
 .bss.ucHeap    0x20001048    0x12c00 ./RTOS/FreeRTOS/portable/MemMang/heap_4.o
 .bss.xStart    0x20013c48        0x8 ./RTOS/FreeRTOS/portable/MemMang/heap_4.o
 .bss.pxEnd     0x20013c50        0x4 ./RTOS/FreeRTOS/portable/MemMang/heap_4.o
 .bss.xFreeBytesRemaining
                0x20013c54        0x4 ./RTOS/FreeRTOS/portable/MemMang/heap_4.o
 .bss.xMinimumEverFreeBytesRemaining
                0x20013c58        0x4 ./RTOS/FreeRTOS/portable/MemMang/heap_4.o
 .bss.xNumberOfSuccessfulAllocations
                0x20013c5c        0x4 ./RTOS/FreeRTOS/portable/MemMang/heap_4.o
 .bss.xNumberOfSuccessfulFrees
                0x20013c60        0x4 ./RTOS/FreeRTOS/portable/MemMang/heap_4.o
 .bss.xBlockAllocatedBit
                0x20013c64        0x4 ./RTOS/FreeRTOS/portable/MemMang/heap_4.o
 .bss.__sf      0x20013c68      0x138 C:/ST/STM32CubeIDE_1.16.1/STM32CubeIDE/plugins/com.st.stm32cube.ide.mcu.externaltools.gnu-tools-for-stm32.12.3.rel1.win32_1.0.200.202406191623/tools/bin/../lib/gcc/arm-none-eabi/12.3.1/../../../../arm-none-eabi/lib/thumb/v7e-m+fp/hard\libc_nano.a(libc_a-findfp.o)
                0x20013c68                __sf
 .bss.__stdio_exit_handler
                0x20013da0        0x4 C:/ST/STM32CubeIDE_1.16.1/STM32CubeIDE/plugins/com.st.stm32cube.ide.mcu.externaltools.gnu-tools-for-stm32.12.3.rel1.win32_1.0.200.202406191623/tools/bin/../lib/gcc/arm-none-eabi/12.3.1/../../../../arm-none-eabi/lib/thumb/v7e-m+fp/hard\libc_nano.a(libc_a-findfp.o)
                0x20013da0                __stdio_exit_handler
 .bss.errno     0x20013da4        0x4 C:/ST/STM32CubeIDE_1.16.1/STM32CubeIDE/plugins/com.st.stm32cube.ide.mcu.externaltools.gnu-tools-for-stm32.12.3.rel1.win32_1.0.200.202406191623/tools/bin/../lib/gcc/arm-none-eabi/12.3.1/../../../../arm-none-eabi/lib/thumb/v7e-m+fp/hard\libc_nano.a(libc_a-reent.o)
                0x20013da4                errno
 .bss.__lock___malloc_recursive_mutex
                0x20013da8        0x1 C:/ST/STM32CubeIDE_1.16.1/STM32CubeIDE/plugins/com.st.stm32cube.ide.mcu.externaltools.gnu-tools-for-stm32.12.3.rel1.win32_1.0.200.202406191623/tools/bin/../lib/gcc/arm-none-eabi/12.3.1/../../../../arm-none-eabi/lib/thumb/v7e-m+fp/hard\libc_nano.a(libc_a-lock.o)
                0x20013da8                __lock___malloc_recursive_mutex
 .bss.__lock___sfp_recursive_mutex
                0x20013da9        0x1 C:/ST/STM32CubeIDE_1.16.1/STM32CubeIDE/plugins/com.st.stm32cube.ide.mcu.externaltools.gnu-tools-for-stm32.12.3.rel1.win32_1.0.200.202406191623/tools/bin/../lib/gcc/arm-none-eabi/12.3.1/../../../../arm-none-eabi/lib/thumb/v7e-m+fp/hard\libc_nano.a(libc_a-lock.o)
                0x20013da9                __lock___sfp_recursive_mutex
 *fill*         0x20013daa        0x2 
 .bss.__malloc_sbrk_start
                0x20013dac        0x4 C:/ST/STM32CubeIDE_1.16.1/STM32CubeIDE/plugins/com.st.stm32cube.ide.mcu.externaltools.gnu-tools-for-stm32.12.3.rel1.win32_1.0.200.202406191623/tools/bin/../lib/gcc/arm-none-eabi/12.3.1/../../../../arm-none-eabi/lib/thumb/v7e-m+fp/hard\libc_nano.a(libc_a-mallocr.o)
                0x20013dac                __malloc_sbrk_start
 .bss.__malloc_free_list
                0x20013db0        0x4 C:/ST/STM32CubeIDE_1.16.1/STM32CubeIDE/plugins/com.st.stm32cube.ide.mcu.externaltools.gnu-tools-for-stm32.12.3.rel1.win32_1.0.200.202406191623/tools/bin/../lib/gcc/arm-none-eabi/12.3.1/../../../../arm-none-eabi/lib/thumb/v7e-m+fp/hard\libc_nano.a(libc_a-mallocr.o)
                0x20013db0                __malloc_free_list
 .bss.heap_end.0
                0x20013db4        0x4 C:/ST/STM32CubeIDE_1.16.1/STM32CubeIDE/plugins/com.st.stm32cube.ide.mcu.externaltools.gnu-tools-for-stm32.12.3.rel1.win32_1.0.200.202406191623/tools/bin/../lib/gcc/arm-none-eabi/12.3.1/../../../../arm-none-eabi/lib/thumb/v7e-m+fp/hard\libnosys.a(sbrk.o)
 *(COMMON)
                0x20013db8                        . = ALIGN (0x4)
                0x20013db8                        _ebss = .
                0x20013db8                        __bss_end__ = _ebss

._user_heap_stack
                0x20013db8      0x600 load address 0x08009ea4
                0x20013db8                        . = ALIGN (0x8)
                0x20013db8                        PROVIDE (end = .)
                [!provide]                        PROVIDE (_end = .)
                0x20013fb8                        . = (. + _Min_Heap_Size)
 *fill*         0x20013db8      0x200 
                0x200143b8                        . = (. + _Min_Stack_Size)
 *fill*         0x20013fb8      0x400 
                0x200143b8                        . = ALIGN (0x8)

/DISCARD/
 libc.a(*)
 libm.a(*)
 libgcc.a(*)

.ARM.attributes
                0x00000000       0x30
 *(.ARM.attributes)
 .ARM.attributes
                0x00000000       0x22 C:/ST/STM32CubeIDE_1.16.1/STM32CubeIDE/plugins/com.st.stm32cube.ide.mcu.externaltools.gnu-tools-for-stm32.12.3.rel1.win32_1.0.200.202406191623/tools/bin/../lib/gcc/arm-none-eabi/12.3.1/thumb/v7e-m+fp/hard/crti.o
 .ARM.attributes
                0x00000022       0x34 C:/ST/STM32CubeIDE_1.16.1/STM32CubeIDE/plugins/com.st.stm32cube.ide.mcu.externaltools.gnu-tools-for-stm32.12.3.rel1.win32_1.0.200.202406191623/tools/bin/../lib/gcc/arm-none-eabi/12.3.1/thumb/v7e-m+fp/hard/crtbegin.o
 .ARM.attributes
                0x00000056       0x34 ./Core/Src/MQTTConnectClient.o
 .ARM.attributes
                0x0000008a       0x34 ./Core/Src/MQTTDeserializePublish.o
 .ARM.attributes
                0x000000be       0x34 ./Core/Src/MQTTPacket.o
 .ARM.attributes
                0x000000f2       0x34 ./Core/Src/MQTTSerializePublish.o
 .ARM.attributes
                0x00000126       0x34 ./Core/Src/MQTTSim800.o
 .ARM.attributes
                0x0000015a       0x34 ./Core/Src/MQTTSubscribeClient.o
 .ARM.attributes
                0x0000018e       0x34 ./Core/Src/dma.o
 .ARM.attributes
                0x000001c2       0x34 ./Core/Src/gpio.o
 .ARM.attributes
                0x000001f6       0x34 ./Core/Src/main.o
 .ARM.attributes
                0x0000022a       0x34 ./Core/Src/spi.o
 .ARM.attributes
                0x0000025e       0x34 ./Core/Src/stm32f4xx_hal_msp.o
 .ARM.attributes
                0x00000292       0x34 ./Core/Src/stm32f4xx_hal_timebase_tim.o
 .ARM.attributes
                0x000002c6       0x34 ./Core/Src/stm32f4xx_it.o
 .ARM.attributes
                0x000002fa       0x34 ./Core/Src/syscalls.o
 .ARM.attributes
                0x0000032e       0x34 ./Core/Src/system_stm32f4xx.o
 .ARM.attributes
                0x00000362       0x34 ./Core/Src/usart.o
 .ARM.attributes
                0x00000396       0x21 ./Core/Startup/startup_stm32f446retx.o
 .ARM.attributes
                0x000003b7       0x34 ./Drivers/STM32F4xx_HAL_Driver/Src/stm32f4xx_hal.o
 .ARM.attributes
                0x000003eb       0x34 ./Drivers/STM32F4xx_HAL_Driver/Src/stm32f4xx_hal_cortex.o
 .ARM.attributes
                0x0000041f       0x34 ./Drivers/STM32F4xx_HAL_Driver/Src/stm32f4xx_hal_dma.o
 .ARM.attributes
                0x00000453       0x34 ./Drivers/STM32F4xx_HAL_Driver/Src/stm32f4xx_hal_gpio.o
 .ARM.attributes
                0x00000487       0x34 ./Drivers/STM32F4xx_HAL_Driver/Src/stm32f4xx_hal_rcc.o
 .ARM.attributes
                0x000004bb       0x34 ./Drivers/STM32F4xx_HAL_Driver/Src/stm32f4xx_hal_rcc_ex.o
 .ARM.attributes
                0x000004ef       0x34 ./Drivers/STM32F4xx_HAL_Driver/Src/stm32f4xx_hal_spi.o
 .ARM.attributes
                0x00000523       0x34 ./Drivers/STM32F4xx_HAL_Driver/Src/stm32f4xx_hal_tim.o
 .ARM.attributes
                0x00000557       0x34 ./Drivers/STM32F4xx_HAL_Driver/Src/stm32f4xx_hal_tim_ex.o
 .ARM.attributes
                0x0000058b       0x34 ./Drivers/STM32F4xx_HAL_Driver/Src/stm32f4xx_hal_uart.o
 .ARM.attributes
                0x000005bf       0x34 ./RTOS/FreeRTOS/list.o
 .ARM.attributes
                0x000005f3       0x34 ./RTOS/FreeRTOS/queue.o
 .ARM.attributes
                0x00000627       0x34 ./RTOS/FreeRTOS/tasks.o
 .ARM.attributes
                0x0000065b       0x34 ./RTOS/FreeRTOS/timers.o
 .ARM.attributes
                0x0000068f       0x34 ./RTOS/FreeRTOS/portable/GCC/ARM_CM4F/port.o
 .ARM.attributes
                0x000006c3       0x34 ./RTOS/FreeRTOS/portable/MemMang/heap_4.o
 .ARM.attributes
                0x000006f7       0x34 C:/ST/STM32CubeIDE_1.16.1/STM32CubeIDE/plugins/com.st.stm32cube.ide.mcu.externaltools.gnu-tools-for-stm32.12.3.rel1.win32_1.0.200.202406191623/tools/bin/../lib/gcc/arm-none-eabi/12.3.1/../../../../arm-none-eabi/lib/thumb/v7e-m+fp/hard\libc_nano.a(libc_a-findfp.o)
 .ARM.attributes
                0x0000072b       0x34 C:/ST/STM32CubeIDE_1.16.1/STM32CubeIDE/plugins/com.st.stm32cube.ide.mcu.externaltools.gnu-tools-for-stm32.12.3.rel1.win32_1.0.200.202406191623/tools/bin/../lib/gcc/arm-none-eabi/12.3.1/../../../../arm-none-eabi/lib/thumb/v7e-m+fp/hard\libc_nano.a(libc_a-fwalk.o)
 .ARM.attributes
                0x0000075f       0x34 C:/ST/STM32CubeIDE_1.16.1/STM32CubeIDE/plugins/com.st.stm32cube.ide.mcu.externaltools.gnu-tools-for-stm32.12.3.rel1.win32_1.0.200.202406191623/tools/bin/../lib/gcc/arm-none-eabi/12.3.1/../../../../arm-none-eabi/lib/thumb/v7e-m+fp/hard\libc_nano.a(libc_a-printf.o)
 .ARM.attributes
                0x00000793       0x34 C:/ST/STM32CubeIDE_1.16.1/STM32CubeIDE/plugins/com.st.stm32cube.ide.mcu.externaltools.gnu-tools-for-stm32.12.3.rel1.win32_1.0.200.202406191623/tools/bin/../lib/gcc/arm-none-eabi/12.3.1/../../../../arm-none-eabi/lib/thumb/v7e-m+fp/hard\libc_nano.a(libc_a-puts.o)
 .ARM.attributes
                0x000007c7       0x34 C:/ST/STM32CubeIDE_1.16.1/STM32CubeIDE/plugins/com.st.stm32cube.ide.mcu.externaltools.gnu-tools-for-stm32.12.3.rel1.win32_1.0.200.202406191623/tools/bin/../lib/gcc/arm-none-eabi/12.3.1/../../../../arm-none-eabi/lib/thumb/v7e-m+fp/hard\libc_nano.a(libc_a-snprintf.o)
 .ARM.attributes
                0x000007fb       0x34 C:/ST/STM32CubeIDE_1.16.1/STM32CubeIDE/plugins/com.st.stm32cube.ide.mcu.externaltools.gnu-tools-for-stm32.12.3.rel1.win32_1.0.200.202406191623/tools/bin/../lib/gcc/arm-none-eabi/12.3.1/../../../../arm-none-eabi/lib/thumb/v7e-m+fp/hard\libc_nano.a(libc_a-sprintf.o)
 .ARM.attributes
                0x0000082f       0x34 C:/ST/STM32CubeIDE_1.16.1/STM32CubeIDE/plugins/com.st.stm32cube.ide.mcu.externaltools.gnu-tools-for-stm32.12.3.rel1.win32_1.0.200.202406191623/tools/bin/../lib/gcc/arm-none-eabi/12.3.1/../../../../arm-none-eabi/lib/thumb/v7e-m+fp/hard\libc_nano.a(libc_a-stdio.o)
 .ARM.attributes
                0x00000863       0x34 C:/ST/STM32CubeIDE_1.16.1/STM32CubeIDE/plugins/com.st.stm32cube.ide.mcu.externaltools.gnu-tools-for-stm32.12.3.rel1.win32_1.0.200.202406191623/tools/bin/../lib/gcc/arm-none-eabi/12.3.1/../../../../arm-none-eabi/lib/thumb/v7e-m+fp/hard\libc_nano.a(libc_a-wbuf.o)
 .ARM.attributes
                0x00000897       0x34 C:/ST/STM32CubeIDE_1.16.1/STM32CubeIDE/plugins/com.st.stm32cube.ide.mcu.externaltools.gnu-tools-for-stm32.12.3.rel1.win32_1.0.200.202406191623/tools/bin/../lib/gcc/arm-none-eabi/12.3.1/../../../../arm-none-eabi/lib/thumb/v7e-m+fp/hard\libc_nano.a(libc_a-wsetup.o)
 .ARM.attributes
                0x000008cb       0x34 C:/ST/STM32CubeIDE_1.16.1/STM32CubeIDE/plugins/com.st.stm32cube.ide.mcu.externaltools.gnu-tools-for-stm32.12.3.rel1.win32_1.0.200.202406191623/tools/bin/../lib/gcc/arm-none-eabi/12.3.1/../../../../arm-none-eabi/lib/thumb/v7e-m+fp/hard\libc_nano.a(libc_a-memset.o)
 .ARM.attributes
                0x000008ff       0x34 C:/ST/STM32CubeIDE_1.16.1/STM32CubeIDE/plugins/com.st.stm32cube.ide.mcu.externaltools.gnu-tools-for-stm32.12.3.rel1.win32_1.0.200.202406191623/tools/bin/../lib/gcc/arm-none-eabi/12.3.1/../../../../arm-none-eabi/lib/thumb/v7e-m+fp/hard\libc_nano.a(libc_a-strncpy.o)
 .ARM.attributes
                0x00000933       0x34 C:/ST/STM32CubeIDE_1.16.1/STM32CubeIDE/plugins/com.st.stm32cube.ide.mcu.externaltools.gnu-tools-for-stm32.12.3.rel1.win32_1.0.200.202406191623/tools/bin/../lib/gcc/arm-none-eabi/12.3.1/../../../../arm-none-eabi/lib/thumb/v7e-m+fp/hard\libc_nano.a(libc_a-strstr.o)
 .ARM.attributes
                0x00000967       0x34 C:/ST/STM32CubeIDE_1.16.1/STM32CubeIDE/plugins/com.st.stm32cube.ide.mcu.externaltools.gnu-tools-for-stm32.12.3.rel1.win32_1.0.200.202406191623/tools/bin/../lib/gcc/arm-none-eabi/12.3.1/../../../../arm-none-eabi/lib/thumb/v7e-m+fp/hard\libc_nano.a(libc_a-closer.o)
 .ARM.attributes
                0x0000099b       0x34 C:/ST/STM32CubeIDE_1.16.1/STM32CubeIDE/plugins/com.st.stm32cube.ide.mcu.externaltools.gnu-tools-for-stm32.12.3.rel1.win32_1.0.200.202406191623/tools/bin/../lib/gcc/arm-none-eabi/12.3.1/../../../../arm-none-eabi/lib/thumb/v7e-m+fp/hard\libc_nano.a(libc_a-reent.o)
 .ARM.attributes
                0x000009cf       0x34 C:/ST/STM32CubeIDE_1.16.1/STM32CubeIDE/plugins/com.st.stm32cube.ide.mcu.externaltools.gnu-tools-for-stm32.12.3.rel1.win32_1.0.200.202406191623/tools/bin/../lib/gcc/arm-none-eabi/12.3.1/../../../../arm-none-eabi/lib/thumb/v7e-m+fp/hard\libc_nano.a(libc_a-impure.o)
 .ARM.attributes