../Core/Src/main.c:87:6:GSM_init	4	static
../Core/Src/main.c:99:6:FreeRTOS_Init	16	static
../Core/Src/main.c:111:6:HAL_UART_RxCpltCallback	216	static
../Core/Src/main.c:137:6:rxCallBack_Task	248	static
../Core/Src/main.c:161:6:GPIO_Task	16	static
../Core/Src/main.c:174:6:MQTT_Task	56	static
../Core/Src/main.c:207:6:HAL_GPIO_EXTI_Callback	24	static,ignoring_inline_asm
../Core/Src/main.c:220:1:__io_putchar	16	static
../Core/Src/main.c:227:10:millis	8	static
../Core/Src/main.c:236:5:main	8	static
../Core/Src/main.c:336:6:SystemClock_Config	88	static
../Core/Src/main.c:392:6:HAL_TIM_PeriodElapsedCallback	16	static
../Core/Src/main.c:409:6:Error_Handler	4	static,ignoring_inline_asm
