../Core/Src/MQTTSim800.c:28:6:Sim800_RxCallBack	8	static
../Core/Src/MQTTSim800.c:87:6:clearRxBuffer	8	static
../Core/Src/MQTTSim800.c:98:6:clearMqttBuffer	8	static
../Core/Src/MQTTSim800.c:112:5:SIM800_SendCommand	24	static
../Core/Src/MQTTSim800.c:137:5:MQTT_Init	56	static
../Core/Src/MQTTSim800.c:180:6:MQTT_Connect	360	static
../Core/Src/MQTTSim800.c:235:6:MQTT_Pub	328	static
../Core/Src/MQTTSim800.c:258:6:MQTT_PubUint8	48	static
../Core/Src/MQTTSim800.c:271:6:MQTT_PubUint16	48	static
../Core/Src/MQTTSim800.c:284:6:MQTT_PubUint32	48	static
../Core/Src/MQTTSim800.c:297:6:MQTT_PubFloat	48	static
../Core/Src/MQTTSim800.c:310:6:MQTT_PubDouble	56	static
../Core/Src/MQTTSim800.c:322:6:MQTT_PingReq	32	static
../Core/Src/MQTTSim800.c:335:6:MQTT_Sub	304	static
../Core/Src/MQTTSim800.c:357:6:MQTT_Receive	56	static
