../Core/Src/MQTTSim800.c:61:6:Sim800_RxCallBack	8	static
../Core/Src/MQTTSim800.c:120:6:clearRxBuffer	8	static
../Core/Src/MQTTSim800.c:131:6:clearMqttBuffer	8	static
../Core/Src/MQTTSim800.c:145:5:SIM800_SendCommand	24	static
../Core/Src/MQTTSim800.c:170:5:MQTT_Init	56	static
../Core/Src/MQTTSim800.c:205:6:MQTT_Connect	360	static
../Core/Src/MQTTSim800.c:242:6:MQTT_Pub	328	static
../Core/Src/MQTTSim800.c:265:6:MQTT_PubUint8	48	static
../Core/Src/MQTTSim800.c:278:6:MQTT_PubUint16	48	static
../Core/Src/MQTTSim800.c:291:6:MQTT_PubUint32	48	static
../Core/Src/MQTTSim800.c:304:6:MQTT_PubFloat	48	static
../Core/Src/MQTTSim800.c:317:6:MQTT_PubDouble	56	static
../Core/Src/MQTTSim800.c:329:6:MQTT_PingReq	32	static
../Core/Src/MQTTSim800.c:342:6:MQTT_Sub	304	static
../Core/Src/MQTTSim800.c:364:6:MQTT_Receive	56	static
